Archive member included to satisfy reference by file (symbol)

c:/program files (x86)/gnu arm embedded toolchain/10 2020-q4-major/bin/../lib/gcc/arm-none-eabi/10.2.1/../../../../arm-none-eabi/lib/thumb/v6-m/nofp\libc_nano.a(lib_a-impure.o)
                              obj/SDK_EVAL_Com.o (_impure_ptr)
c:/program files (x86)/gnu arm embedded toolchain/10 2020-q4-major/bin/../lib/gcc/arm-none-eabi/10.2.1/../../../../arm-none-eabi/lib/thumb/v6-m/nofp\libc_nano.a(lib_a-memcmp.o)
                              obj/osal.o (memcmp)
c:/program files (x86)/gnu arm embedded toolchain/10 2020-q4-major/bin/../lib/gcc/arm-none-eabi/10.2.1/../../../../arm-none-eabi/lib/thumb/v6-m/nofp\libc_nano.a(lib_a-memcpy-stub.o)
                              obj/BlueNRG1_timer.o (memcpy)
c:/program files (x86)/gnu arm embedded toolchain/10 2020-q4-major/bin/../lib/gcc/arm-none-eabi/10.2.1/../../../../arm-none-eabi/lib/thumb/v6-m/nofp\libc_nano.a(lib_a-memset.o)
                              obj/osal.o (memset)
c:/program files (x86)/gnu arm embedded toolchain/10 2020-q4-major/bin/../lib/gcc/arm-none-eabi/10.2.1/../../../../arm-none-eabi/lib/thumb/v6-m/nofp\libc_nano.a(lib_a-reent.o)
                              obj/SDK_EVAL_Com.o (errno)
c:/program files (x86)/gnu arm embedded toolchain/10 2020-q4-major/bin/../lib/gcc/arm-none-eabi/10.2.1/../../../../arm-none-eabi/lib/thumb/v6-m/nofp\libc_nano.a(lib_a-setvbuf.o)
                              obj/SDK_EVAL_Com.o (setvbuf)
c:/program files (x86)/gnu arm embedded toolchain/10 2020-q4-major/bin/../lib/gcc/arm-none-eabi/10.2.1/../../../../arm-none-eabi/lib/thumb/v6-m/nofp\libc_nano.a(lib_a-strlen.o)
                              obj/maincpp.o (strlen)
c:/program files (x86)/gnu arm embedded toolchain/10 2020-q4-major/bin/../lib/gcc/arm-none-eabi/10.2.1/../../../../arm-none-eabi/lib/thumb/v6-m/nofp\libc_nano.a(lib_a-fflush.o)
                              c:/program files (x86)/gnu arm embedded toolchain/10 2020-q4-major/bin/../lib/gcc/arm-none-eabi/10.2.1/../../../../arm-none-eabi/lib/thumb/v6-m/nofp\libc_nano.a(lib_a-setvbuf.o) (_fflush_r)
c:/program files (x86)/gnu arm embedded toolchain/10 2020-q4-major/bin/../lib/gcc/arm-none-eabi/10.2.1/../../../../arm-none-eabi/lib/thumb/v6-m/nofp\libc_nano.a(lib_a-findfp.o)
                              c:/program files (x86)/gnu arm embedded toolchain/10 2020-q4-major/bin/../lib/gcc/arm-none-eabi/10.2.1/../../../../arm-none-eabi/lib/thumb/v6-m/nofp\libc_nano.a(lib_a-setvbuf.o) (__sinit)
c:/program files (x86)/gnu arm embedded toolchain/10 2020-q4-major/bin/../lib/gcc/arm-none-eabi/10.2.1/../../../../arm-none-eabi/lib/thumb/v6-m/nofp\libc_nano.a(lib_a-fwalk.o)
                              c:/program files (x86)/gnu arm embedded toolchain/10 2020-q4-major/bin/../lib/gcc/arm-none-eabi/10.2.1/../../../../arm-none-eabi/lib/thumb/v6-m/nofp\libc_nano.a(lib_a-findfp.o) (_fwalk)
c:/program files (x86)/gnu arm embedded toolchain/10 2020-q4-major/bin/../lib/gcc/arm-none-eabi/10.2.1/../../../../arm-none-eabi/lib/thumb/v6-m/nofp\libc_nano.a(lib_a-lock.o)
                              c:/program files (x86)/gnu arm embedded toolchain/10 2020-q4-major/bin/../lib/gcc/arm-none-eabi/10.2.1/../../../../arm-none-eabi/lib/thumb/v6-m/nofp\libc_nano.a(lib_a-findfp.o) (__retarget_lock_init_recursive)
c:/program files (x86)/gnu arm embedded toolchain/10 2020-q4-major/bin/../lib/gcc/arm-none-eabi/10.2.1/../../../../arm-none-eabi/lib/thumb/v6-m/nofp\libc_nano.a(lib_a-makebuf.o)
                              c:/program files (x86)/gnu arm embedded toolchain/10 2020-q4-major/bin/../lib/gcc/arm-none-eabi/10.2.1/../../../../arm-none-eabi/lib/thumb/v6-m/nofp\libc_nano.a(lib_a-setvbuf.o) (__swhatbuf_r)
c:/program files (x86)/gnu arm embedded toolchain/10 2020-q4-major/bin/../lib/gcc/arm-none-eabi/10.2.1/../../../../arm-none-eabi/lib/thumb/v6-m/nofp\libc_nano.a(lib_a-malloc.o)
                              c:/program files (x86)/gnu arm embedded toolchain/10 2020-q4-major/bin/../lib/gcc/arm-none-eabi/10.2.1/../../../../arm-none-eabi/lib/thumb/v6-m/nofp\libc_nano.a(lib_a-setvbuf.o) (malloc)
c:/program files (x86)/gnu arm embedded toolchain/10 2020-q4-major/bin/../lib/gcc/arm-none-eabi/10.2.1/../../../../arm-none-eabi/lib/thumb/v6-m/nofp\libc_nano.a(lib_a-nano-freer.o)
                              c:/program files (x86)/gnu arm embedded toolchain/10 2020-q4-major/bin/../lib/gcc/arm-none-eabi/10.2.1/../../../../arm-none-eabi/lib/thumb/v6-m/nofp\libc_nano.a(lib_a-reent.o) (_free_r)
c:/program files (x86)/gnu arm embedded toolchain/10 2020-q4-major/bin/../lib/gcc/arm-none-eabi/10.2.1/../../../../arm-none-eabi/lib/thumb/v6-m/nofp\libc_nano.a(lib_a-nano-mallocr.o)
                              c:/program files (x86)/gnu arm embedded toolchain/10 2020-q4-major/bin/../lib/gcc/arm-none-eabi/10.2.1/../../../../arm-none-eabi/lib/thumb/v6-m/nofp\libc_nano.a(lib_a-findfp.o) (_malloc_r)
[...]
Memory Configuration

Name             Origin             Length             Attributes
REGION_RAM       0x20000000         0x00006000         xrw
REGION_FLASH_BOOTLOADER 0x10040000         0x00000000         xr
REGION_FLASH     0x10040000         0x00027000         xr
REGION_NVM       0x10067000         0x00001000         xr
REGION_ROM       0x10000000         0x00000800         xr
*default*        0x00000000         0xffffffff

Linker script and memory map

LOAD obj/BlueNRG1_it.o
LOAD obj/main.o
LOAD obj/BlueNRG1_adc.o
LOAD obj/BlueNRG1_dma.o
LOAD obj/BlueNRG1_flash.o
LOAD obj/BlueNRG1_gpio.o
LOAD obj/BlueNRG1_i2c.o
LOAD obj/BlueNRG1_mft.o
LOAD obj/BlueNRG1_pka.o
LOAD obj/BlueNRG1_radio.o
LOAD obj/BlueNRG1_rng.o
LOAD obj/BlueNRG1_rtc.o
LOAD obj/BlueNRG1_spi.o
LOAD obj/BlueNRG1_sysCtrl.o
LOAD obj/BlueNRG1_timer.o
LOAD obj/BlueNRG1_uart.o
LOAD obj/BlueNRG1_wdg.o
LOAD obj/clock.o
LOAD obj/misc.o
LOAD obj/miscutil.o
LOAD obj/osal.o
LOAD obj/SDK_EVAL_Button.o
LOAD obj/SDK_EVAL_Com.o
LOAD obj/SDK_EVAL_Config.o
LOAD obj/SDK_EVAL_I2C.o
LOAD obj/SDK_EVAL_Led.o
LOAD obj/SDK_EVAL_SPI.o
LOAD obj/sleep.o
LOAD obj/stack_user_cfg.o
LOAD obj/system_bluenrg1.o
LOAD obj/maincpp.o
LOAD precompiled/context_switch.o
                0x00000080                malloc_getpagesize_P = 0x80
START GROUP
LOAD c:/program files (x86)/gnu arm embedded toolchain/10 2020-q4-major/bin/../lib/gcc/arm-none-eabi/10.2.1/../../../../arm-none-eabi/lib/thumb/v6-m/nofp\libc_nano.a
LOAD c:/program files (x86)/gnu arm embedded toolchain/10 2020-q4-major/bin/../lib/gcc/arm-none-eabi/10.2.1/../../../../arm-none-eabi/lib/thumb/v6-m/nofp\libm.a
END GROUP
LOAD ./assembly\libbluenrg1_stack.a
LOAD ./assembly\libcrypto.a
                0x20000000                _MEMORY_RAM_BEGIN_ = 0x20000000
                0x00006000                _MEMORY_RAM_SIZE_ = 0x6000
                0x20005fff                _MEMORY_RAM_END_ = 0x20005fff
                0x10040000                _MEMORY_FLASH_BEGIN_ = 0x10040000
                0x00028000                _MEMORY_FLASH_SIZE_ = 0x28000
                0x10067fff                _MEMORY_FLASH_END_ = 0x10067fff
                0x10000000                _MEMORY_ROM_BEGIN_ = 0x10000000
                0x00000800                _MEMORY_ROM_SIZE_ = 0x800
                0x100007ff                _MEMORY_ROM_END_ = 0x100007ff
                0x00001000                FLASH_NVM_DATASIZE = 0x1000
                0x00000000                MEMORY_FLASH_APP_OFFSET = DEFINED (MEMORY_FLASH_APP_OFFSET)?MEMORY_FLASH_APP_OFFSET:0x0
                0x00027000                MEMORY_FLASH_APP_SIZE = DEFINED (MEMORY_FLASH_APP_SIZE)?MEMORY_FLASH_APP_SIZE:((_MEMORY_FLASH_SIZE_ - FLASH_NVM_DATASIZE) - MEMORY_FLASH_APP_OFFSET)
                0x000002cc                MEMORY_RAM_APP_OFFSET = DEFINED (MEMORY_RAM_APP_OFFSET)?MEMORY_RAM_APP_OFFSET:0x2cc
                0x00000800                RESET_MANAGER_SIZE = DEFINED (RESET_MANAGER_SIZE)?RESET_MANAGER_SIZE:0x800
                0x00027000                MEMORY_FLASH_APP_SIZE = DEFINED (ST_OTA_HIGHER_APPLICATION)?(((((_MEMORY_FLASH_SIZE_ - RESET_MANAGER_SIZE) - FLASH_NVM_DATASIZE) / 0x2) / 0x800) * 0x800):MEMORY_FLASH_APP_SIZE
                0x00000000                MEMORY_FLASH_APP_OFFSET = DEFINED (ST_OTA_HIGHER_APPLICATION)?(RESET_MANAGER_SIZE + MEMORY_FLASH_APP_SIZE):MEMORY_FLASH_APP_OFFSET
                0x00027000                MEMORY_FLASH_APP_SIZE = DEFINED (ST_OTA_LOWER_APPLICATION)?(((((_MEMORY_FLASH_SIZE_ - RESET_MANAGER_SIZE) - FLASH_NVM_DATASIZE) / 0x2) / 0x800) * 0x800):MEMORY_FLASH_APP_SIZE
                0x00000000                MEMORY_FLASH_APP_OFFSET = DEFINED (ST_OTA_LOWER_APPLICATION)?RESET_MANAGER_SIZE:MEMORY_FLASH_APP_OFFSET
                0x00011000                SERVICE_MANAGER_SIZE = 0x11000
                0x00027000                MEMORY_FLASH_APP_SIZE = DEFINED (ST_USE_OTA_SERVICE_MANAGER_APPLICATION)?((_MEMORY_FLASH_SIZE_ - SERVICE_MANAGER_SIZE) - FLASH_NVM_DATASIZE):MEMORY_FLASH_APP_SIZE
                0x00000000                MEMORY_FLASH_APP_OFFSET = DEFINED (ST_USE_OTA_SERVICE_MANAGER_APPLICATION)?SERVICE_MANAGER_SIZE:MEMORY_FLASH_APP_OFFSET
                0x00000000                _Min_Heap_Size = 0x0
                0x00000c00                _Min_Stack_Size = 0xc00

.bootloader     0x10040000        0x0
                0x10040000                . = ALIGN (0x4)
 *(.bootloader)
                0x10040000                . = ALIGN (0x4)

.intvec         0x10040000       0xc0
                0x10040000                . = ALIGN (0x4)
 *(.intvec)
 .intvec        0x10040000       0xc0 obj/system_bluenrg1.o
                0x10040000                __vector_table
                0x100400c0                . = ALIGN (0x4)

.text           0x100400c0     0x814c
                0x100400c0                . = ALIGN (0x4)
 *(.cmd_call_table)
 *(.text)
 .text          0x100400c0       0x9c precompiled/context_switch.o
                0x100400c0                CS_contextSave
                0x10040112                CS_contextRestore
 .text          0x1004015c        0xe c:/program files (x86)/gnu arm embedded toolchain/10 2020-q4-major/bin/../lib/gcc/arm-none-eabi/10.2.1/../../../../arm-none-eabi/lib/thumb/v6-m/nofp\libc_nano.a(lib_a-strlen.o)
                0x1004015c                strlen
 *fill*         0x1004016a        0x2 
 .text          0x1004016c      0x114 c:/program files (x86)/gnu arm embedded toolchain/10 2020-q4-major/bin/../lib/gcc/arm-none-eabi/10.2.1/thumb/v6-m/nofp\libgcc.a(_udivsi3.o)
                0x1004016c                __aeabi_uidiv
                0x1004016c                __udivsi3
                0x10040278                __aeabi_uidivmod
 .text          0x10040280        0x4 c:/program files (x86)/gnu arm embedded toolchain/10 2020-q4-major/bin/../lib/gcc/arm-none-eabi/10.2.1/thumb/v6-m/nofp\libgcc.a(_dvmd_tls.o)
                0x10040280                __aeabi_idiv0
                0x10040280                __aeabi_ldiv0
 .text          0x10040284       0x7c c:/program files (x86)/gnu arm embedded toolchain/10 2020-q4-major/bin/../lib/gcc/arm-none-eabi/10.2.1/thumb/v6-m/nofp\libgcc.a(unaligned-funcs.o)
                0x10040284                __aeabi_uread4
                0x1004029c                __aeabi_uwrite4
                0x100402b0                __aeabi_uread8
                0x100402e0                __aeabi_uwrite8
 .text          0x10040300      0xa30 c:/program files (x86)/gnu arm embedded toolchain/10 2020-q4-major/bin/../lib/gcc/arm-none-eabi/10.2.1/thumb/v6-m/nofp\libgcc.a(unwind-arm.o)
                0x100405cc                _Unwind_GetCFA
                0x100405d0                __gnu_Unwind_RaiseException
                0x10040624                __gnu_Unwind_ForcedUnwind
                0x10040638                __gnu_Unwind_Resume
                0x10040680                __gnu_Unwind_Resume_or_Rethrow
                0x1004069c                _Unwind_Complete
                0x100406a0                _Unwind_DeleteException
                0x100406b0                _Unwind_VRS_Get
                0x100406fc                _Unwind_VRS_Set
                0x10040748                __gnu_Unwind_Backtrace
                0x10040aa4                __aeabi_unwind_cpp_pr0
                0x10040ab0                __aeabi_unwind_cpp_pr1
                0x10040abc                __aeabi_unwind_cpp_pr2
                0x10040ac8                _Unwind_VRS_Pop
 .text          0x10040d30      0x144 c:/program files (x86)/gnu arm embedded toolchain/10 2020-q4-major/bin/../lib/gcc/arm-none-eabi/10.2.1/thumb/v6-m/nofp\libgcc.a(libunwind.o)
                0x10040d30                __restore_core_regs
                0x10040d30                restore_core_regs
                0x10040d5c                __gnu_Unwind_Restore_VFP
                0x10040d60                __gnu_Unwind_Save_VFP
                0x10040d64                __gnu_Unwind_Restore_VFP_D
                0x10040d68                __gnu_Unwind_Save_VFP_D
                0x10040d6c                __gnu_Unwind_Restore_VFP_D_16_to_31
                0x10040d70                __gnu_Unwind_Save_VFP_D_16_to_31
                0x10040d74                __gnu_Unwind_Restore_WMMXD
                0x10040d78                __gnu_Unwind_Save_WMMXD
                0x10040d7c                __gnu_Unwind_Restore_WMMXC
                0x10040d80                __gnu_Unwind_Save_WMMXC
                0x10040d84                ___Unwind_RaiseException
                0x10040d84                _Unwind_RaiseException
                0x10040db4                _Unwind_Resume
                0x10040db4                ___Unwind_Resume
                0x10040de4                _Unwind_Resume_or_Rethrow
                0x10040de4                ___Unwind_Resume_or_Rethrow
                0x10040e14                _Unwind_ForcedUnwind
                0x10040e14                ___Unwind_ForcedUnwind
                0x10040e44                ___Unwind_Backtrace
                0x10040e44                _Unwind_Backtrace
 .text          0x10040e74      0x38c c:/program files (x86)/gnu arm embedded toolchain/10 2020-q4-major/bin/../lib/gcc/arm-none-eabi/10.2.1/thumb/v6-m/nofp\libgcc.a(pr-support.o)
                0x10040ec8                __gnu_unwind_execute
                0x100411b8                __gnu_unwind_frame
                0x100411e0                _Unwind_GetRegionStart
                0x100411ec                _Unwind_GetLanguageSpecificData
 *(.text*)
 .text.NMI_Handler
                0x10041200        0x2 obj/BlueNRG1_it.o
                0x10041200                NMI_Handler
 .text.HardFault_Handler
                0x10041202        0x2 obj/BlueNRG1_it.o
                0x10041202                HardFault_Handler
 .text.SVC_Handler
                0x10041204        0x2 obj/BlueNRG1_it.o
                0x10041204                SVC_Handler
 .text.SysTick_Handler
                0x10041206        0x8 obj/BlueNRG1_it.o
                0x10041206                SysTick_Handler
 .text.GPIO_Handler
                0x1004120e        0x2 obj/BlueNRG1_it.o
                0x1004120e                GPIO_Handler
 .text.UART_Handler
                0x10041210        0x2 obj/BlueNRG1_it.o
                0x10041210                UART_Handler
 .text.Blue_Handler
                0x10041212        0x8 obj/BlueNRG1_it.o
                0x10041212                Blue_Handler
 .text.main     0x1004121a       0x12 obj/main.o
                0x1004121a                main
 .text.FLASH_WaitCmdDone
                0x1004122c       0x10 obj/BlueNRG1_flash.o
                0x1004122c                FLASH_WaitCmdDone
 .text.FLASH_ErasePage
                0x1004123c       0x30 obj/BlueNRG1_flash.o
                0x1004123c                FLASH_ErasePage
 .text.FLASH_ProgramWord
                0x1004126c       0x30 obj/BlueNRG1_flash.o
                0x1004126c                FLASH_ProgramWord
 .text.GPIO_Init
                0x1004129c       0xbe obj/BlueNRG1_gpio.o
                0x1004129c                GPIO_Init
 .text.GPIO_ToggleBits
                0x1004135a        0xc obj/BlueNRG1_gpio.o
                0x1004135a                GPIO_ToggleBits
 *fill*         0x10041366        0x2 
 .text.SysCtrl_PeripheralClockCmd
                0x10041368       0x1c obj/BlueNRG1_sysCtrl.o
                0x10041368                SysCtrl_PeripheralClockCmd
 .text.SysCtrl_GetWakeupResetReason
                0x10041384       0xfc obj/BlueNRG1_sysCtrl.o
                0x10041384                SysCtrl_GetWakeupResetReason
 .text.UART_Cmd
                0x10041480       0x20 obj/BlueNRG1_uart.o
                0x10041480                UART_Cmd
 .text.UART_Init
                0x100414a0      0x174 obj/BlueNRG1_uart.o
                0x100414a0                UART_Init
 .text.UART_SendData
                0x10041614       0x10 obj/BlueNRG1_uart.o
                0x10041614                UART_SendData
 .text.UART_RxFifoIrqLevelConfig
                0x10041624       0x1c obj/BlueNRG1_uart.o
                0x10041624                UART_RxFifoIrqLevelConfig
 .text.SysCount_Handler
                0x10041640       0x10 obj/clock.o
                0x10041640                SysCount_Handler
 .text.Clock_Init
                0x10041650       0x2c obj/clock.o
                0x10041650                Clock_Init
 .text.Clock_Time
                0x1004167c        0xc obj/clock.o
                0x1004167c                Clock_Time
 .text.Clock_Wait
                0x10041688       0x16 obj/clock.o
                0x10041688                Clock_Wait
 *fill*         0x1004169e        0x2 
 .text.HAL_GetPartInfo
                0x100416a0       0x68 obj/miscutil.o
                0x100416a0                HAL_GetPartInfo
 .text.Osal_MemCpy
                0x10041708        0x8 obj/osal.o
                0x10041708                Osal_MemCpy
 .text.Osal_MemSet
                0x10041710        0x8 obj/osal.o
                0x10041710                Osal_MemSet
 .text.Osal_MemCmp
                0x10041718        0x8 obj/osal.o
                0x10041718                Osal_MemCmp
 .text.__aeabi_memcpy4
                0x10041720        0x8 obj/SDK_EVAL_Com.o
                0x10041720                __aeabi_memcpy4
 .text.PendSV_Handler
                0x10041728        0x2 obj/system_bluenrg1.o
                0x10041728                PendSV_Handler
 .text.NVM_Handler
                0x1004172a        0x2 obj/system_bluenrg1.o
                0x1004172a                NVM_Handler
 .text.SPI_Handler
                0x1004172c        0x2 obj/system_bluenrg1.o
                0x1004172c                SPI_Handler
 .text.MFT1A_Handler
                0x1004172e        0x2 obj/system_bluenrg1.o
                0x1004172e                MFT1A_Handler
 .text.MFT1B_Handler
                0x10041730        0x2 obj/system_bluenrg1.o
                0x10041730                MFT1B_Handler
 .text.MFT2A_Handler
                0x10041732        0x2 obj/system_bluenrg1.o
                0x10041732                MFT2A_Handler
 .text.MFT2B_Handler
                0x10041734        0x2 obj/system_bluenrg1.o
                0x10041734                MFT2B_Handler
 .text.RTC_Handler
                0x10041736        0x2 obj/system_bluenrg1.o
                0x10041736                RTC_Handler
 .text.WDG_Handler
                0x10041738        0x2 obj/system_bluenrg1.o
                0x10041738                WDG_Handler
 .text.ADC_Handler
                0x1004173a        0x2 obj/system_bluenrg1.o
                0x1004173a                ADC_Handler
 .text.I2C2_Handler
                0x1004173c        0x2 obj/system_bluenrg1.o
                0x1004173c                I2C2_Handler
 .text.I2C1_Handler
                0x1004173e        0x2 obj/system_bluenrg1.o
                0x1004173e                I2C1_Handler
 .text.DMA_Handler
                0x10041740        0x2 obj/system_bluenrg1.o
                0x10041740                DMA_Handler
 .text.PKA_Handler
                0x10041742        0x2 obj/system_bluenrg1.o
                0x10041742                PKA_Handler
 .text.Wait_LS_Stabilization
                0x10041744       0x90 obj/system_bluenrg1.o
                0x10041744                Wait_LS_Stabilization
 .text.Set_RF_FrontEnd
                0x100417d4       0x58 obj/system_bluenrg1.o
                0x100417d4                Set_RF_FrontEnd
 .text.BOR_ConfigSave
                0x1004182c       0x50 obj/system_bluenrg1.o
                0x1004182c                BOR_ConfigSave
 .text.SET_BORconfigStatus
                0x1004187c       0x54 obj/system_bluenrg1.o
                0x1004187c                SET_BORconfigStatus
 .text.__low_level_init
                0x100418d0       0xd4 obj/system_bluenrg1.o
                0x100418d0                __low_level_init
 .text.RESET_HANDLER
                0x100419a4       0x80 obj/system_bluenrg1.o
                0x100419a4                RESET_HANDLER
 .text.DeviceConfiguration
                0x10041a24      0x170 obj/system_bluenrg1.o
                0x10041a24                DeviceConfiguration
 .text.SystemInit
                0x10041b94      0x138 obj/system_bluenrg1.o
                0x10041b94                SystemInit
 .text._Z8initGPIOv
                0x10041ccc       0x26 obj/maincpp.o
                0x10041ccc                initGPIO()
 .text._Z8initUARTm
                0x10041cf2       0x50 obj/maincpp.o
                0x10041cf2                initUART(unsigned long)
 *fill*         0x10041d42        0x2 
 .text.maincpp  0x10041d44       0x50 obj/maincpp.o
                0x10041d44                maincpp
 .text.memcmp   0x10041d94       0x1c c:/program files (x86)/gnu arm embedded toolchain/10 2020-q4-major/bin/../lib/gcc/arm-none-eabi/10.2.1/../../../../arm-none-eabi/lib/thumb/v6-m/nofp\libc_nano.a(lib_a-memcmp.o)
                0x10041d94                memcmp
 .text.memcpy   0x10041db0       0x12 c:/program files (x86)/gnu arm embedded toolchain/10 2020-q4-major/bin/../lib/gcc/arm-none-eabi/10.2.1/../../../../arm-none-eabi/lib/thumb/v6-m/nofp\libc_nano.a(lib_a-memcpy-stub.o)
                0x10041db0                memcpy
 .text.memset   0x10041dc2       0x10 c:/program files (x86)/gnu arm embedded toolchain/10 2020-q4-major/bin/../lib/gcc/arm-none-eabi/10.2.1/../../../../arm-none-eabi/lib/thumb/v6-m/nofp\libc_nano.a(lib_a-memset.o)
                0x10041dc2                memset
 *fill*         0x10041dd2        0x2 
 .text.__aeabi_memmove
                0x10041dd4        0x8 c:/program files (x86)/gnu arm embedded toolchain/10 2020-q4-major/bin/../lib/gcc/arm-none-eabi/10.2.1/../../../../arm-none-eabi/lib/thumb/v6-m/nofp\libc.a(lib_a-aeabi_memmove.o)
                0x10041dd4                __aeabi_memmove
                0x10041dd4                __aeabi_memmove4
                0x10041dd4                __aeabi_memmove8
 .text.memmove  0x10041ddc       0xac c:/program files (x86)/gnu arm embedded toolchain/10 2020-q4-major/bin/../lib/gcc/arm-none-eabi/10.2.1/../../../../arm-none-eabi/lib/thumb/v6-m/nofp\libc.a(lib_a-memmove.o)
                0x10041ddc                memmove
 *(i.*)
 i.Data_Length_Update_Control_ISR_ucfg
                0x10041e88        0x4 ./assembly\libbluenrg1_stack.a(ll_isr.o)
                0x10041e88                Data_Length_Update_Control_ISR_ucfg
 i.RAL_Isr      0x10041e8c      0x218 ./assembly\libbluenrg1_stack.a(ll_isr.o)
                0x10041e8c                RAL_Isr
 i.copy_4_u32   0x100420a4       0x12 ./assembly\libbluenrg1_stack.a(ll_isr.o)
                0x100420a4                copy_4_u32
 *fill*         0x100420b6        0x2 
 i.copy_tx_data_packet
                0x100420b8       0x84 ./assembly\libbluenrg1_stack.a(ll_isr.o)
                0x100420b8                copy_tx_data_packet
 i.encrypt      0x1004213c       0x74 ./assembly\libbluenrg1_stack.a(ll_isr.o)
                0x1004213c                encrypt
 i.isr_advertise_state
                0x100421b0      0x398 ./assembly\libbluenrg1_stack.a(ll_isr.o)
 i.isr_connect_slave_state
                0x10042548      0x7e4 ./assembly\libbluenrg1_stack.a(ll_isr.o)
 i.isr_test_rx_state
                0x10042d2c       0x34 ./assembly\libbluenrg1_stack.a(ll_isr.o)
 i.isr_test_tx_state
                0x10042d60       0x64 ./assembly\libbluenrg1_stack.a(ll_isr.o)
 i.isr_unknown_state
                0x10042dc4       0x2c ./assembly\libbluenrg1_stack.a(ll_isr.o)
 i.__ARM_common_memcpy1_6
                0x10042df0       0x1a ./assembly\libbluenrg1_stack.a(ll_isr.o)
                0x10042df0                __ARM_common_memcpy1_6
 *fill*         0x10042e0a        0x2 
 i.PRIV_SearchAddrInWhiteList
                0x10042e0c       0x58 ./assembly\libbluenrg1_stack.a(ll_privacy.o)
                0x10042e0c                PRIV_SearchAddrInWhiteList
 i.PRIV_u32ProcessAdvPacket_ucfg
                0x10042e64        0x4 ./assembly\libbluenrg1_stack.a(ll_privacy.o)
                0x10042e64                PRIV_u32ProcessAdvPacket_ucfg
 i.PRIV_vGenerate_hci_le_enhanced_connection_complete_event_ucfg
                0x10042e68        0x2 ./assembly\libbluenrg1_stack.a(ll_privacy.o)
                0x10042e68                PRIV_vGenerate_hci_le_enhanced_connection_complete_event_ucfg
 i.LL_Data_Length_Change_Event_ucfg
                0x10042e6a        0x4 ./assembly\libbluenrg1_stack.a(ll_routines.o)
                0x10042e6a                LL_Data_Length_Change_Event_ucfg
 i.LL_Send_Length_Resp_ucfg
                0x10042e6e        0x4 ./assembly\libbluenrg1_stack.a(ll_routines.o)
                0x10042e6e                LL_Send_Length_Resp_ucfg
 *fill*         0x10042e72        0x2 
 i.read_rssi    0x10042e74       0x7c ./assembly\libbluenrg1_stack.a(ll_routines.o)
                0x10042e74                read_rssi
 i.Reclassify_All_Channels_ucfg
                0x10042ef0        0x2 ./assembly\libbluenrg1_stack.a(ll_routines_master.o)
                0x10042ef0                Reclassify_All_Channels_ucfg
 *fill*         0x10042ef2        0x2 
 i.hci_encryption_change_event_push
                0x10042ef4       0x5c ./assembly\libbluenrg1_stack.a(ll_routines_master.o)
 i.hci_encryption_key_refresh_complete_event_push
                0x10042f50       0x58 ./assembly\libbluenrg1_stack.a(ll_routines_master.o)
 i.hci_le_connection_complete_event_push
                0x10042fa8       0x88 ./assembly\libbluenrg1_stack.a(ll_routines_master.o)
 i.hci_le_connection_update_complete_event_push
                0x10043030       0x6c ./assembly\libbluenrg1_stack.a(ll_routines_master.o)
 i.isr_event_handler
                0x1004309c      0x5fc ./assembly\libbluenrg1_stack.a(ll_routines_master.o)
                0x1004309c                isr_event_handler
 i.isr_event_handler_scan_data_ucfg
                0x10043698        0x2 ./assembly\libbluenrg1_stack.a(ll_routines_master.o)
                0x10043698                isr_event_handler_scan_data_ucfg
 i.Mem_Buff_Append
                0x1004369a       0x12 ./assembly\libbluenrg1_stack.a(mem_buff.o)
                0x1004369a                Mem_Buff_Append
 i.Mem_Buff_Block_Copy
                0x100436ac       0x48 ./assembly\libbluenrg1_stack.a(mem_buff.o)
                0x100436ac                Mem_Buff_Block_Copy
 i.Mem_Buff_Block_Write
                0x100436f4       0x56 ./assembly\libbluenrg1_stack.a(mem_buff.o)
                0x100436f4                Mem_Buff_Block_Write
 i.Mem_Buff_Compact
                0x1004374a       0xba ./assembly\libbluenrg1_stack.a(mem_buff.o)
                0x1004374a                Mem_Buff_Compact
 i.Mem_Buff_Get
                0x10043804       0x2e ./assembly\libbluenrg1_stack.a(mem_buff.o)
                0x10043804                Mem_Buff_Get
 i.Mem_Buff_Get_Chain_Count
                0x10043832       0x14 ./assembly\libbluenrg1_stack.a(mem_buff.o)
                0x10043832                Mem_Buff_Get_Chain_Count
 i.Mem_Buff_Read
                0x10043846       0x62 ./assembly\libbluenrg1_stack.a(mem_buff.o)
                0x10043846                Mem_Buff_Read
 i.Mem_Buff_Release
                0x100438a8       0x36 ./assembly\libbluenrg1_stack.a(mem_buff.o)
                0x100438a8                Mem_Buff_Release
 *fill*         0x100438de        0x2 
 i.advance_slave_timing_MultiSlave
                0x100438e0      0x2cc ./assembly\libbluenrg1_stack.a(multi_master_time.o)
                0x100438e0                advance_slave_timing_MultiSlave
 i.cancel_current_master
                0x10043bac      0x1a8 ./assembly\libbluenrg1_stack.a(multi_master_time.o)
                0x10043bac                cancel_current_master
 i.get_connection_no
                0x10043d54       0x88 ./assembly\libbluenrg1_stack.a(multi_master_time.o)
                0x10043d54                get_connection_no
 i.is_slave     0x10043ddc       0x34 ./assembly\libbluenrg1_stack.a(multi_master_time.o)
                0x10043ddc                is_slave
 i.swap_u16     0x10043e10        0xa ./assembly\libbluenrg1_stack.a(multi_master_time.o)
 *fill*         0x10043e1a        0x2 
 i.timebase_start_connect
                0x10043e1c       0x38 ./assembly\libbluenrg1_stack.a(multi_master_time.o)
                0x10043e1c                timebase_start_connect
 i.Flash_Write_Flagged
                0x10043e54       0x3c ./assembly\libbluenrg1_stack.a(nvm.o)
                0x10043e54                Flash_Write_Flagged
 i.Is_Flash_Write_On_Going
                0x10043e90       0x10 ./assembly\libbluenrg1_stack.a(nvm.o)
                0x10043e90                Is_Flash_Write_On_Going
 i.PM_Check_And_Set
                0x10043ea0       0x50 ./assembly\libbluenrg1_stack.a(pm.o)
 i.PM_Compact   0x10043ef0       0x54 ./assembly\libbluenrg1_stack.a(pm.o)
                0x10043ef0                PM_Compact
 i.PM_Copy_Pckt_Data
                0x10043f44       0x12 ./assembly\libbluenrg1_stack.a(pm.o)
                0x10043f44                PM_Copy_Pckt_Data
 i.PM_Extract_Pdu_MBuff
                0x10043f56        0xc ./assembly\libbluenrg1_stack.a(pm.o)
                0x10043f56                PM_Extract_Pdu_MBuff
 i.PM_Get_Mem_Buff_Count
                0x10043f62        0xa ./assembly\libbluenrg1_stack.a(pm.o)
                0x10043f62                PM_Get_Mem_Buff_Count
 i.PM_Get_Pckt  0x10043f6c       0x44 ./assembly\libbluenrg1_stack.a(pm.o)
                0x10043f6c                PM_Get_Pckt
 i.PM_Release_Acl_Pckt
                0x10043fb0       0x3c ./assembly\libbluenrg1_stack.a(pm.o)
                0x10043fb0                PM_Release_Acl_Pckt
 i.isr_postproc1
                0x10043fec      0x110 ./assembly\libbluenrg1_stack.a(rom_ll_isr_postproc.o)
                0x10043fec                isr_postproc1
 i.isr_postproc_encrypt_data
                0x100440fc       0x16 ./assembly\libbluenrg1_stack.a(rom_ll_isr_postproc.o)
                0x100440fc                isr_postproc_encrypt_data
 i.wait_for_aes_ready
                0x10044112       0x24 ./assembly\libbluenrg1_stack.a(rom_ll_isr_postproc.o)
 *fill*         0x10044136        0x2 
 i.LL_update_proc
                0x10044138       0x98 ./assembly\libbluenrg1_stack.a(rom_ll_isr_routines.o)
                0x10044138                LL_update_proc
 i.addr_u32_from_u8
                0x100441d0       0x1e ./assembly\libbluenrg1_stack.a(rom_ll_isr_routines.o)
 i.cancel_connect_master_ucfg
                0x100441ee        0x4 ./assembly\libbluenrg1_stack.a(rom_ll_isr_routines.o)
                0x100441ee                cancel_connect_master_ucfg
 *fill*         0x100441f2        0x2 
 i.cancel_master
                0x100441f4       0x7c ./assembly\libbluenrg1_stack.a(rom_ll_isr_routines.o)
                0x100441f4                cancel_master
 i.get_adv_addr
                0x10044270       0x14 ./assembly\libbluenrg1_stack.a(rom_ll_isr_routines.o)
                0x10044270                get_adv_addr
 i.get_scan_addr
                0x10044284       0x14 ./assembly\libbluenrg1_stack.a(rom_ll_isr_routines.o)
                0x10044284                get_scan_addr
 i.go_to_connect
                0x10044298      0x298 ./assembly\libbluenrg1_stack.a(rom_ll_isr_routines.o)
                0x10044298                go_to_connect
 i.le2ByteToInt16
                0x10044530        0xa ./assembly\libbluenrg1_stack.a(rom_ll_isr_routines.o)
 i.le4ByteToInt32
                0x1004453a       0x16 ./assembly\libbluenrg1_stack.a(rom_ll_isr_routines.o)
 i.unpack_channel_map
                0x10044550       0x2e ./assembly\libbluenrg1_stack.a(rom_ll_isr_routines.o)
                0x10044550                unpack_channel_map
 i.unpack_update_request
                0x1004457e       0x48 ./assembly\libbluenrg1_stack.a(rom_ll_isr_routines.o)
                0x1004457e                unpack_update_request
 i.Is_Address_Initialized
                0x100445c6       0x18 ./assembly\libbluenrg1_stack.a(rom_ll_ll_routines.o)
                0x100445c6                Is_Address_Initialized
 *fill*         0x100445de        0x2 
 i.LL_Get_Address
                0x100445e0       0x2c ./assembly\libbluenrg1_stack.a(rom_ll_ll_routines.o)
                0x100445e0                LL_Get_Address
 i.LL_Send_ACL_Data
                0x1004460c       0x50 ./assembly\libbluenrg1_stack.a(rom_ll_ll_routines.o)
                0x1004460c                LL_Send_ACL_Data
 i.LL_Update_Advertising_Buffers
                0x1004465c       0x48 ./assembly\libbluenrg1_stack.a(rom_ll_ll_routines.o)
                0x1004465c                LL_Update_Advertising_Buffers
 i.LL_Update_Scanning_Initiating_Buffers
                0x100446a4       0x48 ./assembly\libbluenrg1_stack.a(rom_ll_ll_routines.o)
                0x100446a4                LL_Update_Scanning_Initiating_Buffers
 i.int32ToLe4Byte
                0x100446ec       0x10 ./assembly\libbluenrg1_stack.a(rom_ll_ll_routines.o)
 i.modulo_37    0x100446fc       0x1c ./assembly\libbluenrg1_stack.a(rom_ll_routines_support.o)
                0x100446fc                modulo_37
 i.__ARM_common_switch8
                0x10044718       0x1a ./assembly\libbluenrg1_stack.a(rom_ll_routines_support.o)
                0x10044718                __ARM_common_switch8
 i.WindowWiden1
                0x10044732        0xa ./assembly\libbluenrg1_stack.a(rom_ll_timehandling.o)
                0x10044732                WindowWiden1
 i.WindowWiden2
                0x1004473c       0x10 ./assembly\libbluenrg1_stack.a(rom_ll_timehandling.o)
                0x1004473c                WindowWiden2
 i.machine_time_trans
                0x1004474c       0x20 ./assembly\libbluenrg1_stack.a(rom_ll_timehandling.o)
                0x1004474c                machine_time_trans
 i.set_sca      0x1004476c       0x1c ./assembly\libbluenrg1_stack.a(rom_ll_timehandling.o)
                0x1004476c                set_sca
 i.system_time_trans
                0x10044788       0x10 ./assembly\libbluenrg1_stack.a(rom_ll_timehandling.o)
                0x10044788                system_time_trans
 i.system_time_trans_ext
                0x10044798       0x30 ./assembly\libbluenrg1_stack.a(rom_ll_timehandling.o)
                0x10044798                system_time_trans_ext
 i.time_offset1
                0x100447c8        0xe ./assembly\libbluenrg1_stack.a(rom_ll_timehandling.o)
                0x100447c8                time_offset1
 *fill*         0x100447d6        0x2 
 i.time_offset2
                0x100447d8       0x10 ./assembly\libbluenrg1_stack.a(rom_ll_timehandling.o)
                0x100447d8                time_offset2
 i.microseconds_to_machine_time
                0x100447e8        0x8 ./assembly\libbluenrg1_stack.a(routines_support.o)
                0x100447e8                microseconds_to_machine_time
 i.slave_advance
                0x100447f0      0x200 ./assembly\libbluenrg1_stack.a(routines_support.o)
                0x100447f0                slave_advance
 i.swap_slaves  0x100449f0      0x13c ./assembly\libbluenrg1_stack.a(routines_support.o)
                0x100449f0                swap_slaves
 i.swap_u16     0x10044b2c        0xa ./assembly\libbluenrg1_stack.a(routines_support.o)
 i.swap_u32     0x10044b36        0xa ./assembly\libbluenrg1_stack.a(routines_support.o)
 i.swap_u8      0x10044b40        0xa ./assembly\libbluenrg1_stack.a(routines_support.o)
 *fill*         0x10044b4a        0x2 
 i.SMP_acl_data_hndl
                0x10044b4c       0xf8 ./assembly\libbluenrg1_stack.a(smp_common.o)
                0x10044b4c                SMP_acl_data_hndl
 i.SMP_connection_complete_handler
                0x10044c44       0x94 ./assembly\libbluenrg1_stack.a(smp_common.o)
 i.SMP_get_remote_device_list_item
                0x10044cd8       0x4c ./assembly\libbluenrg1_stack.a(smp_common.o)
                0x10044cd8                SMP_get_remote_device_list_item
 i.SMP_hci_disconnection_complete_evt_hndl
                0x10044d24       0x40 ./assembly\libbluenrg1_stack.a(smp_common.o)
                0x10044d24                SMP_hci_disconnection_complete_evt_hndl
 i.SMP_hci_encryption_change_evt_hndl
                0x10044d64      0x120 ./assembly\libbluenrg1_stack.a(smp_common.o)
                0x10044d64                SMP_hci_encryption_change_evt_hndl
 i.SMP_hci_le_connection_complete_evt_hndl
                0x10044e84       0x2e ./assembly\libbluenrg1_stack.a(smp_common.o)
                0x10044e84                SMP_hci_le_connection_complete_evt_hndl
 i.SMP_hci_le_enhanced_connection_complete_evt_hndl
                0x10044eb2       0x52 ./assembly\libbluenrg1_stack.a(smp_common.o)
                0x10044eb2                SMP_hci_le_enhanced_connection_complete_evt_hndl
 i.SMP_hci_le_long_term_key_request_evt_hndl
                0x10044f04       0x38 ./assembly\libbluenrg1_stack.a(smp_common.o)
                0x10044f04                SMP_hci_le_long_term_key_request_evt_hndl
 i.SMP_reset_timer
                0x10044f3c       0x40 ./assembly\libbluenrg1_stack.a(smp_common.o)
                0x10044f3c                SMP_reset_timer
 i.aci_gap_authorization_req_event_push
                0x10044f7c       0x54 ./assembly\libbluenrg1_stack.a(smp_common.o)
 i.aci_gap_pairing_complete_event_push
                0x10044fd0       0x5c ./assembly\libbluenrg1_stack.a(smp_common.o)
 i.smp_Keys_Distribution_Complete
                0x1004502c       0x32 ./assembly\libbluenrg1_stack.a(smp_common.o)
 *fill*         0x1004505e        0x2 
 i.smp_add_pairing_record_to_bonding_database
                0x10045060      0x148 ./assembly\libbluenrg1_stack.a(smp_common.o)
                0x10045060                smp_add_pairing_record_to_bonding_database
 i.smp_find_remote_device_index
                0x100451a8       0x44 ./assembly\libbluenrg1_stack.a(smp_common.o)
                0x100451a8                smp_find_remote_device_index
 i.smp_flush_rx_queues
                0x100451ec       0x38 ./assembly\libbluenrg1_stack.a(smp_common.o)
 i.smp_pairing_completed
                0x10045224       0x78 ./assembly\libbluenrg1_stack.a(smp_common.o)
                0x10045224                smp_pairing_completed
 i.smp_update_statistics_on_pairing_complete
                0x1004529c       0x38 ./assembly\libbluenrg1_stack.a(smp_common.o)
 i.smp_sc_update_statistics_on_pairing_complete_ucfg
                0x100452d4        0x2 ./assembly\libbluenrg1_stack.a(smp_scv42_caf.o)
                0x100452d4                smp_sc_update_statistics_on_pairing_complete_ucfg
 i.smp_sc_hci_le_generate_dhkey_complete_evt_hndl_ucfg
                0x100452d6        0x2 ./assembly\libbluenrg1_stack.a(smp_scv42_sap.o)
                0x100452d6                smp_sc_hci_le_generate_dhkey_complete_evt_hndl_ucfg
 i.smp_sc_hci_le_read_local_p256_public_key_complete_evt_hndl_ucfg
                0x100452d8        0x2 ./assembly\libbluenrg1_stack.a(smp_scv42_sap.o)
                0x100452d8                smp_sc_hci_le_read_local_p256_public_key_complete_evt_hndl_ucfg
 i.Delay_With_NOP_Cycles
                0x100452da        0xe ./assembly\libbluenrg1_stack.a(utils.o)
                0x100452da                Delay_With_NOP_Cycles
 i.aci_att_exchange_mtu_resp_event
                0x100452e8        0x2 ./assembly\libbluenrg1_stack.a(aci_events.o)
                0x100452e8                aci_att_exchange_mtu_resp_event
 i.aci_att_exec_write_resp_event
                0x100452ea        0x2 ./assembly\libbluenrg1_stack.a(aci_events.o)
                0x100452ea                aci_att_exec_write_resp_event
 i.aci_att_find_by_type_value_resp_event
                0x100452ec        0x2 ./assembly\libbluenrg1_stack.a(aci_events.o)
                0x100452ec                aci_att_find_by_type_value_resp_event
 i.aci_att_find_info_resp_event
                0x100452ee        0x2 ./assembly\libbluenrg1_stack.a(aci_events.o)
                0x100452ee                aci_att_find_info_resp_event
 i.aci_att_prepare_write_resp_event
                0x100452f0        0x2 ./assembly\libbluenrg1_stack.a(aci_events.o)
                0x100452f0                aci_att_prepare_write_resp_event
 i.aci_att_read_blob_resp_event
                0x100452f2        0x2 ./assembly\libbluenrg1_stack.a(aci_events.o)
                0x100452f2                aci_att_read_blob_resp_event
 i.aci_att_read_by_group_type_resp_event
                0x100452f4        0x2 ./assembly\libbluenrg1_stack.a(aci_events.o)
                0x100452f4                aci_att_read_by_group_type_resp_event
 i.aci_att_read_by_type_resp_event
                0x100452f6        0x2 ./assembly\libbluenrg1_stack.a(aci_events.o)
                0x100452f6                aci_att_read_by_type_resp_event
 i.aci_att_read_multiple_resp_event
                0x100452f8        0x2 ./assembly\libbluenrg1_stack.a(aci_events.o)
                0x100452f8                aci_att_read_multiple_resp_event
 i.aci_att_read_resp_event
                0x100452fa        0x2 ./assembly\libbluenrg1_stack.a(aci_events.o)
                0x100452fa                aci_att_read_resp_event
 i.aci_att_write_resp_event
                0x100452fc        0x2 ./assembly\libbluenrg1_stack.a(aci_events.o)
                0x100452fc                aci_att_write_resp_event
 *fill*         0x100452fe        0x2 
 i.aci_event_fifo_push
                0x10045300       0x28 ./assembly\libbluenrg1_stack.a(aci_events.o)
                0x10045300                aci_event_fifo_push
 i.aci_event_fifo_push_header
                0x10045328       0xbc ./assembly\libbluenrg1_stack.a(aci_events.o)
                0x10045328                aci_event_fifo_push_header
 i.aci_gap_addr_not_resolved_event
                0x100453e4        0x2 ./assembly\libbluenrg1_stack.a(aci_events.o)
                0x100453e4                aci_gap_addr_not_resolved_event
 i.aci_gap_authorization_req_event
                0x100453e6        0x2 ./assembly\libbluenrg1_stack.a(aci_events.o)
                0x100453e6                aci_gap_authorization_req_event
 i.aci_gap_bond_lost_event
                0x100453e8        0x2 ./assembly\libbluenrg1_stack.a(aci_events.o)
                0x100453e8                aci_gap_bond_lost_event
 i.aci_gap_device_found_event
                0x100453ea        0x2 ./assembly\libbluenrg1_stack.a(aci_events.o)
                0x100453ea                aci_gap_device_found_event
 i.aci_gap_keypress_notification_event
                0x100453ec        0x2 ./assembly\libbluenrg1_stack.a(aci_events.o)
                0x100453ec                aci_gap_keypress_notification_event
 i.aci_gap_limited_discoverable_event
                0x100453ee        0x2 ./assembly\libbluenrg1_stack.a(aci_events.o)
                0x100453ee                aci_gap_limited_discoverable_event
 i.aci_gap_numeric_comparison_value_event
                0x100453f0        0x2 ./assembly\libbluenrg1_stack.a(aci_events.o)
                0x100453f0                aci_gap_numeric_comparison_value_event
 i.aci_gap_pairing_complete_event
                0x100453f2        0x2 ./assembly\libbluenrg1_stack.a(aci_events.o)
                0x100453f2                aci_gap_pairing_complete_event
 i.aci_gap_pass_key_req_event
                0x100453f4        0x2 ./assembly\libbluenrg1_stack.a(aci_events.o)
                0x100453f4                aci_gap_pass_key_req_event
 i.aci_gap_proc_complete_event
                0x100453f6        0x2 ./assembly\libbluenrg1_stack.a(aci_events.o)
                0x100453f6                aci_gap_proc_complete_event
 i.aci_gap_slave_security_initiated_event
                0x100453f8        0x2 ./assembly\libbluenrg1_stack.a(aci_events.o)
                0x100453f8                aci_gap_slave_security_initiated_event
 i.aci_gatt_attribute_modified_event
                0x100453fa        0x2 ./assembly\libbluenrg1_stack.a(aci_events.o)
                0x100453fa                aci_gatt_attribute_modified_event
 i.aci_gatt_disc_read_char_by_uuid_resp_event
                0x100453fc        0x2 ./assembly\libbluenrg1_stack.a(aci_events.o)
                0x100453fc                aci_gatt_disc_read_char_by_uuid_resp_event
 i.aci_gatt_error_resp_event
                0x100453fe        0x2 ./assembly\libbluenrg1_stack.a(aci_events.o)
                0x100453fe                aci_gatt_error_resp_event
 i.aci_gatt_indication_event
                0x10045400        0x2 ./assembly\libbluenrg1_stack.a(aci_events.o)
                0x10045400                aci_gatt_indication_event
 i.aci_gatt_notification_event
                0x10045402        0x2 ./assembly\libbluenrg1_stack.a(aci_events.o)
                0x10045402                aci_gatt_notification_event
 i.aci_gatt_prepare_write_permit_req_event
                0x10045404        0x2 ./assembly\libbluenrg1_stack.a(aci_events.o)
                0x10045404                aci_gatt_prepare_write_permit_req_event
 i.aci_gatt_proc_complete_event
                0x10045406        0x2 ./assembly\libbluenrg1_stack.a(aci_events.o)
                0x10045406                aci_gatt_proc_complete_event
 i.aci_gatt_proc_timeout_event
                0x10045408        0x2 ./assembly\libbluenrg1_stack.a(aci_events.o)
                0x10045408                aci_gatt_proc_timeout_event
 i.aci_gatt_read_multi_permit_req_event
                0x1004540a        0x2 ./assembly\libbluenrg1_stack.a(aci_events.o)
                0x1004540a                aci_gatt_read_multi_permit_req_event
 i.aci_gatt_read_permit_req_event
                0x1004540c        0x2 ./assembly\libbluenrg1_stack.a(aci_events.o)
                0x1004540c                aci_gatt_read_permit_req_event
 i.aci_gatt_server_confirmation_event
                0x1004540e        0x2 ./assembly\libbluenrg1_stack.a(aci_events.o)
                0x1004540e                aci_gatt_server_confirmation_event
 i.aci_gatt_tx_pool_available_event
                0x10045410        0x2 ./assembly\libbluenrg1_stack.a(aci_events.o)
                0x10045410                aci_gatt_tx_pool_available_event
 i.aci_gatt_write_permit_req_event
                0x10045412        0x2 ./assembly\libbluenrg1_stack.a(aci_events.o)
                0x10045412                aci_gatt_write_permit_req_event
 i.aci_hal_fw_error_event
                0x10045414        0x2 ./assembly\libbluenrg1_stack.a(aci_events.o)
                0x10045414                aci_hal_fw_error_event
 i.aci_hal_scan_req_report_event
                0x10045416        0x2 ./assembly\libbluenrg1_stack.a(aci_events.o)
                0x10045416                aci_hal_scan_req_report_event
 i.aci_l2cap_command_reject_event
                0x10045418        0x2 ./assembly\libbluenrg1_stack.a(aci_events.o)
                0x10045418                aci_l2cap_command_reject_event
 i.aci_l2cap_connection_update_req_event
                0x1004541a        0x2 ./assembly\libbluenrg1_stack.a(aci_events.o)
                0x1004541a                aci_l2cap_connection_update_req_event
 i.aci_l2cap_connection_update_resp_event
                0x1004541c        0x2 ./assembly\libbluenrg1_stack.a(aci_events.o)
                0x1004541c                aci_l2cap_connection_update_resp_event
 i.aci_l2cap_proc_timeout_event
                0x1004541e        0x2 ./assembly\libbluenrg1_stack.a(aci_events.o)
                0x1004541e                aci_l2cap_proc_timeout_event
 i.cb_aci_att_exchange_mtu_resp_event
                0x10045420       0x24 ./assembly\libbluenrg1_stack.a(aci_events.o)
                0x10045420                cb_aci_att_exchange_mtu_resp_event
 i.cb_aci_att_exec_write_resp_event
                0x10045444       0x20 ./assembly\libbluenrg1_stack.a(aci_events.o)
                0x10045444                cb_aci_att_exec_write_resp_event
 i.cb_aci_att_find_by_type_value_resp_event
                0x10045464       0x24 ./assembly\libbluenrg1_stack.a(aci_events.o)
                0x10045464                cb_aci_att_find_by_type_value_resp_event
 i.cb_aci_att_find_info_resp_event
                0x10045488       0x28 ./assembly\libbluenrg1_stack.a(aci_events.o)
                0x10045488                cb_aci_att_find_info_resp_event
 i.cb_aci_att_prepare_write_resp_event
                0x100454b0       0x2c ./assembly\libbluenrg1_stack.a(aci_events.o)
                0x100454b0                cb_aci_att_prepare_write_resp_event
 i.cb_aci_att_read_blob_resp_event
                0x100454dc       0x24 ./assembly\libbluenrg1_stack.a(aci_events.o)
                0x100454dc                cb_aci_att_read_blob_resp_event
 i.cb_aci_att_read_by_group_type_resp_event
                0x10045500       0x28 ./assembly\libbluenrg1_stack.a(aci_events.o)
                0x10045500                cb_aci_att_read_by_group_type_resp_event
 i.cb_aci_att_read_by_type_resp_event
                0x10045528       0x28 ./assembly\libbluenrg1_stack.a(aci_events.o)
                0x10045528                cb_aci_att_read_by_type_resp_event
 i.cb_aci_att_read_multiple_resp_event
                0x10045550       0x24 ./assembly\libbluenrg1_stack.a(aci_events.o)
                0x10045550                cb_aci_att_read_multiple_resp_event
 i.cb_aci_att_read_resp_event
                0x10045574       0x24 ./assembly\libbluenrg1_stack.a(aci_events.o)
                0x10045574                cb_aci_att_read_resp_event
 i.cb_aci_att_write_resp_event
                0x10045598       0x24 ./assembly\libbluenrg1_stack.a(aci_events.o)
                0x10045598                cb_aci_att_write_resp_event
 i.cb_aci_gap_addr_not_resolved_event
                0x100455bc       0x20 ./assembly\libbluenrg1_stack.a(aci_events.o)
                0x100455bc                cb_aci_gap_addr_not_resolved_event
 i.cb_aci_gap_authorization_req_event
                0x100455dc       0x20 ./assembly\libbluenrg1_stack.a(aci_events.o)
                0x100455dc                cb_aci_gap_authorization_req_event
 i.cb_aci_gap_bond_lost_event
                0x100455fc       0x1c ./assembly\libbluenrg1_stack.a(aci_events.o)
                0x100455fc                cb_aci_gap_bond_lost_event
 i.cb_aci_gap_device_found_event
                0x10045618       0x20 ./assembly\libbluenrg1_stack.a(aci_events.o)
                0x10045618                cb_aci_gap_device_found_event
 i.cb_aci_gap_keypress_notification_event
                0x10045638       0x24 ./assembly\libbluenrg1_stack.a(aci_events.o)
                0x10045638                cb_aci_gap_keypress_notification_event
 i.cb_aci_gap_limited_discoverable_event
                0x1004565c       0x1c ./assembly\libbluenrg1_stack.a(aci_events.o)
                0x1004565c                cb_aci_gap_limited_discoverable_event
 i.cb_aci_gap_numeric_comparison_value_event
                0x10045678       0x24 ./assembly\libbluenrg1_stack.a(aci_events.o)
                0x10045678                cb_aci_gap_numeric_comparison_value_event
 i.cb_aci_gap_pairing_complete_event
                0x1004569c       0x24 ./assembly\libbluenrg1_stack.a(aci_events.o)
                0x1004569c                cb_aci_gap_pairing_complete_event
 i.cb_aci_gap_pass_key_req_event
                0x100456c0       0x20 ./assembly\libbluenrg1_stack.a(aci_events.o)
                0x100456c0                cb_aci_gap_pass_key_req_event
 i.cb_aci_gap_proc_complete_event
                0x100456e0       0x28 ./assembly\libbluenrg1_stack.a(aci_events.o)
                0x100456e0                cb_aci_gap_proc_complete_event
 i.cb_aci_gap_slave_security_initiated_event
                0x10045708       0x1c ./assembly\libbluenrg1_stack.a(aci_events.o)
                0x10045708                cb_aci_gap_slave_security_initiated_event
 i.cb_aci_gatt_attribute_modified_event
                0x10045724       0x2c ./assembly\libbluenrg1_stack.a(aci_events.o)
                0x10045724                cb_aci_gatt_attribute_modified_event
 i.cb_aci_gatt_disc_read_char_by_uuid_resp_event
                0x10045750       0x28 ./assembly\libbluenrg1_stack.a(aci_events.o)
                0x10045750                cb_aci_gatt_disc_read_char_by_uuid_resp_event
 i.cb_aci_gatt_error_resp_event
                0x10045778       0x28 ./assembly\libbluenrg1_stack.a(aci_events.o)
                0x10045778                cb_aci_gatt_error_resp_event
 i.cb_aci_gatt_indication_event
                0x100457a0       0x28 ./assembly\libbluenrg1_stack.a(aci_events.o)
                0x100457a0                cb_aci_gatt_indication_event
 i.cb_aci_gatt_notification_event
                0x100457c8       0x28 ./assembly\libbluenrg1_stack.a(aci_events.o)
                0x100457c8                cb_aci_gatt_notification_event
 i.cb_aci_gatt_prepare_write_permit_req_event
                0x100457f0       0x16 ./assembly\libbluenrg1_stack.a(aci_events.o)
                0x100457f0                cb_aci_gatt_prepare_write_permit_req_event
 *fill*         0x10045806        0x2 
 i.cb_aci_gatt_proc_complete_event
                0x10045808       0x24 ./assembly\libbluenrg1_stack.a(aci_events.o)
                0x10045808                cb_aci_gatt_proc_complete_event
 i.cb_aci_gatt_proc_timeout_event
                0x1004582c       0x20 ./assembly\libbluenrg1_stack.a(aci_events.o)
                0x1004582c                cb_aci_gatt_proc_timeout_event
 i.cb_aci_gatt_read_multi_permit_req_event
                0x1004584c       0x10 ./assembly\libbluenrg1_stack.a(aci_events.o)
                0x1004584c                cb_aci_gatt_read_multi_permit_req_event
 i.cb_aci_gatt_read_permit_req_event
                0x1004585c       0x10 ./assembly\libbluenrg1_stack.a(aci_events.o)
                0x1004585c                cb_aci_gatt_read_permit_req_event
 i.cb_aci_gatt_server_confirmation_event
                0x1004586c        0xa ./assembly\libbluenrg1_stack.a(aci_events.o)
                0x1004586c                cb_aci_gatt_server_confirmation_event
 i.cb_aci_gatt_tx_pool_available_event
                0x10045876        0xe ./assembly\libbluenrg1_stack.a(aci_events.o)
                0x10045876                cb_aci_gatt_tx_pool_available_event
 i.cb_aci_gatt_write_permit_req_event
                0x10045884       0x12 ./assembly\libbluenrg1_stack.a(aci_events.o)
                0x10045884                cb_aci_gatt_write_permit_req_event
 i.cb_aci_hal_fw_error_event
                0x10045896       0x10 ./assembly\libbluenrg1_stack.a(aci_events.o)
                0x10045896                cb_aci_hal_fw_error_event
 *fill*         0x100458a6        0x2 
 i.cb_aci_hal_scan_req_report_event
                0x100458a8       0x28 ./assembly\libbluenrg1_stack.a(aci_events.o)
                0x100458a8                cb_aci_hal_scan_req_report_event
 i.cb_aci_l2cap_command_reject_event
                0x100458d0       0x16 ./assembly\libbluenrg1_stack.a(aci_events.o)
                0x100458d0                cb_aci_l2cap_command_reject_event
 *fill*         0x100458e6        0x2 
 i.cb_aci_l2cap_connection_update_req_event
                0x100458e8       0x34 ./assembly\libbluenrg1_stack.a(aci_events.o)
                0x100458e8                cb_aci_l2cap_connection_update_req_event
 i.cb_aci_l2cap_connection_update_resp_event
                0x1004591c       0x24 ./assembly\libbluenrg1_stack.a(aci_events.o)
                0x1004591c                cb_aci_l2cap_connection_update_resp_event
 i.cb_aci_l2cap_proc_timeout_event
                0x10045940       0x24 ./assembly\libbluenrg1_stack.a(aci_events.o)
                0x10045940                cb_aci_l2cap_proc_timeout_event
 i.cb_hci_data_buffer_overflow_event
                0x10045964        0x2 ./assembly\libbluenrg1_stack.a(aci_events.o)
                0x10045964                cb_hci_data_buffer_overflow_event
 *fill*         0x10045966        0x2 
 i.cb_hci_disconnection_complete_event
                0x10045968       0x24 ./assembly\libbluenrg1_stack.a(aci_events.o)
                0x10045968                cb_hci_disconnection_complete_event
 i.cb_hci_encryption_change_event
                0x1004598c       0x24 ./assembly\libbluenrg1_stack.a(aci_events.o)
                0x1004598c                cb_hci_encryption_change_event
 i.cb_hci_encryption_key_refresh_complete_event
                0x100459b0       0x24 ./assembly\libbluenrg1_stack.a(aci_events.o)
                0x100459b0                cb_hci_encryption_key_refresh_complete_event
 i.cb_hci_le_advertising_report_event
                0x100459d4       0x24 ./assembly\libbluenrg1_stack.a(aci_events.o)
                0x100459d4                cb_hci_le_advertising_report_event
 i.cb_hci_le_connection_complete_event
                0x100459f8       0x44 ./assembly\libbluenrg1_stack.a(aci_events.o)
                0x100459f8                cb_hci_le_connection_complete_event
 i.cb_hci_le_connection_update_complete_event
                0x10045a3c       0x30 ./assembly\libbluenrg1_stack.a(aci_events.o)
                0x10045a3c                cb_hci_le_connection_update_complete_event
 i.cb_hci_le_data_length_change_event
                0x10045a6c       0x30 ./assembly\libbluenrg1_stack.a(aci_events.o)
                0x10045a6c                cb_hci_le_data_length_change_event
 i.cb_hci_le_direct_advertising_report_event
                0x10045a9c       0x24 ./assembly\libbluenrg1_stack.a(aci_events.o)
                0x10045a9c                cb_hci_le_direct_advertising_report_event
 i.cb_hci_le_enhanced_connection_complete_event
                0x10045ac0       0x4c ./assembly\libbluenrg1_stack.a(aci_events.o)
                0x10045ac0                cb_hci_le_enhanced_connection_complete_event
 i.cb_hci_le_generate_dhkey_complete_event
                0x10045b0c       0x28 ./assembly\libbluenrg1_stack.a(aci_events.o)
                0x10045b0c                cb_hci_le_generate_dhkey_complete_event
 i.cb_hci_le_long_term_key_request_event
                0x10045b34       0x28 ./assembly\libbluenrg1_stack.a(aci_events.o)
                0x10045b34                cb_hci_le_long_term_key_request_event
 i.cb_hci_le_read_local_p256_public_key_complete_event
                0x10045b5c       0x28 ./assembly\libbluenrg1_stack.a(aci_events.o)
                0x10045b5c                cb_hci_le_read_local_p256_public_key_complete_event
 i.cb_hci_le_read_remote_used_features_complete_event
                0x10045b84       0x2c ./assembly\libbluenrg1_stack.a(aci_events.o)
                0x10045b84                cb_hci_le_read_remote_used_features_complete_event
 i.cb_hci_number_of_completed_packets_event
                0x10045bb0        0xa ./assembly\libbluenrg1_stack.a(aci_events.o)
                0x10045bb0                cb_hci_number_of_completed_packets_event
 *fill*         0x10045bba        0x2 
 i.cb_hci_read_remote_version_information_complete_event
                0x10045bbc       0x28 ./assembly\libbluenrg1_stack.a(aci_events.o)
                0x10045bbc                cb_hci_read_remote_version_information_complete_event
 i.cb_hci_rx_acl_data_event
                0x10045be4       0x16 ./assembly\libbluenrg1_stack.a(aci_events.o)
                0x10045be4                cb_hci_rx_acl_data_event
 i.fifoBuf_getFreeHeader
                0x10045bfa       0x6c ./assembly\libbluenrg1_stack.a(aci_events.o)
 i.hci_disconnection_complete_event
                0x10045c66        0x2 ./assembly\libbluenrg1_stack.a(aci_events.o)
                0x10045c66                hci_disconnection_complete_event
 i.hci_encryption_change_event
                0x10045c68        0x2 ./assembly\libbluenrg1_stack.a(aci_events.o)
                0x10045c68                hci_encryption_change_event
 i.hci_encryption_key_refresh_complete_event
                0x10045c6a        0x2 ./assembly\libbluenrg1_stack.a(aci_events.o)
                0x10045c6a                hci_encryption_key_refresh_complete_event
 i.hci_le_advertising_report_event
                0x10045c6c        0x2 ./assembly\libbluenrg1_stack.a(aci_events.o)
                0x10045c6c                hci_le_advertising_report_event
 i.hci_le_connection_complete_event
                0x10045c6e        0x2 ./assembly\libbluenrg1_stack.a(aci_events.o)
                0x10045c6e                hci_le_connection_complete_event
 i.hci_le_connection_update_complete_event
                0x10045c70        0x2 ./assembly\libbluenrg1_stack.a(aci_events.o)
                0x10045c70                hci_le_connection_update_complete_event
 i.hci_le_data_length_change_event
                0x10045c72        0x2 ./assembly\libbluenrg1_stack.a(aci_events.o)
                0x10045c72                hci_le_data_length_change_event
 i.hci_le_direct_advertising_report_event
                0x10045c74        0x2 ./assembly\libbluenrg1_stack.a(aci_events.o)
                0x10045c74                hci_le_direct_advertising_report_event
 i.hci_le_enhanced_connection_complete_event
                0x10045c76        0x2 ./assembly\libbluenrg1_stack.a(aci_events.o)
                0x10045c76                hci_le_enhanced_connection_complete_event
 i.hci_le_generate_dhkey_complete_event
                0x10045c78        0x2 ./assembly\libbluenrg1_stack.a(aci_events.o)
                0x10045c78                hci_le_generate_dhkey_complete_event
 i.hci_le_long_term_key_request_event
                0x10045c7a        0x2 ./assembly\libbluenrg1_stack.a(aci_events.o)
                0x10045c7a                hci_le_long_term_key_request_event
 i.hci_le_read_local_p256_public_key_complete_event
                0x10045c7c        0x2 ./assembly\libbluenrg1_stack.a(aci_events.o)
                0x10045c7c                hci_le_read_local_p256_public_key_complete_event
 i.hci_le_read_remote_used_features_complete_event
                0x10045c7e        0x2 ./assembly\libbluenrg1_stack.a(aci_events.o)
                0x10045c7e                hci_le_read_remote_used_features_complete_event
 i.hci_number_of_completed_packets_event
                0x10045c80        0x2 ./assembly\libbluenrg1_stack.a(aci_events.o)
                0x10045c80                hci_number_of_completed_packets_event
 i.hci_read_remote_version_information_complete_event
                0x10045c82        0x2 ./assembly\libbluenrg1_stack.a(aci_events.o)
                0x10045c82                hci_read_remote_version_information_complete_event
 i.hci_rx_acl_data_event
                0x10045c84        0x4 ./assembly\libbluenrg1_stack.a(aci_events.o)
                0x10045c84                hci_rx_acl_data_event
 i.int_cb_hci_disconnection_complete_event
                0x10045c88       0x26 ./assembly\libbluenrg1_stack.a(aci_events.o)
                0x10045c88                int_cb_hci_disconnection_complete_event
 i.int_cb_hci_encryption_change_event
                0x10045cae       0x1a ./assembly\libbluenrg1_stack.a(aci_events.o)
                0x10045cae                int_cb_hci_encryption_change_event
 i.int_cb_hci_encryption_key_refresh_complete_event
                0x10045cc8       0x1a ./assembly\libbluenrg1_stack.a(aci_events.o)
                0x10045cc8                int_cb_hci_encryption_key_refresh_complete_event
 i.int_cb_hci_le_advertising_report_event
                0x10045ce2       0x1e ./assembly\libbluenrg1_stack.a(aci_events.o)
                0x10045ce2                int_cb_hci_le_advertising_report_event
 i.int_cb_hci_le_connection_complete_event
                0x10045d00       0x26 ./assembly\libbluenrg1_stack.a(aci_events.o)
                0x10045d00                int_cb_hci_le_connection_complete_event
 i.int_cb_hci_le_data_length_change_event
                0x10045d26       0x10 ./assembly\libbluenrg1_stack.a(aci_events.o)
                0x10045d26                int_cb_hci_le_data_length_change_event
 i.int_cb_hci_le_direct_advertising_report_event
                0x10045d36       0x1e ./assembly\libbluenrg1_stack.a(aci_events.o)
                0x10045d36                int_cb_hci_le_direct_advertising_report_event
 i.int_cb_hci_le_enhanced_connection_complete_event
                0x10045d54       0x26 ./assembly\libbluenrg1_stack.a(aci_events.o)
                0x10045d54                int_cb_hci_le_enhanced_connection_complete_event
 i.int_cb_hci_le_generate_dhkey_complete_event
                0x10045d7a       0x1a ./assembly\libbluenrg1_stack.a(aci_events.o)
                0x10045d7a                int_cb_hci_le_generate_dhkey_complete_event
 i.int_cb_hci_le_long_term_key_request_event
                0x10045d94        0xc ./assembly\libbluenrg1_stack.a(aci_events.o)
                0x10045d94                int_cb_hci_le_long_term_key_request_event
 i.int_cb_hci_le_read_local_p256_public_key_complete_event
                0x10045da0       0x1a ./assembly\libbluenrg1_stack.a(aci_events.o)
                0x10045da0                int_cb_hci_le_read_local_p256_public_key_complete_event
 *fill*         0x10045dba        0x2 
 i.Acl_Rcv_Pkt_Handler
                0x10045dbc       0x3c ./assembly\libbluenrg1_stack.a(acl.o)
                0x10045dbc                Acl_Rcv_Pkt_Handler
 i.Acl_Transmit_Data
                0x10045df8       0x64 ./assembly\libbluenrg1_stack.a(acl.o)
                0x10045df8                Acl_Transmit_Data
 i.Acl_Tx_Cmpl_Pkt_Handler
                0x10045e5c       0x44 ./assembly\libbluenrg1_stack.a(acl.o)
                0x10045e5c                Acl_Tx_Cmpl_Pkt_Handler
 i.int_cb_hci_acl_data_ind_event
                0x10045ea0       0x40 ./assembly\libbluenrg1_stack.a(acl.o)
                0x10045ea0                int_cb_hci_acl_data_ind_event
 i.int_cb_hci_acl_data_tx_cmpl_event
                0x10045ee0       0x54 ./assembly\libbluenrg1_stack.a(acl.o)
                0x10045ee0                int_cb_hci_acl_data_tx_cmpl_event
 i.isr_Acl_Data_Indication_Queue_Full
                0x10045f34       0x20 ./assembly\libbluenrg1_stack.a(acl.o)
                0x10045f34                isr_Acl_Data_Indication_Queue_Full
 i.isr_Acl_Data_TX_Cmpl_Queue_Full
                0x10045f54       0x20 ./assembly\libbluenrg1_stack.a(acl.o)
                0x10045f54                isr_Acl_Data_TX_Cmpl_Queue_Full
 i.acl_list_first
                0x10045f74        0x4 ./assembly\libbluenrg1_stack.a(acl_list.o)
                0x10045f74                acl_list_first
 i.acl_list_insert_tail
                0x10045f78       0x2c ./assembly\libbluenrg1_stack.a(acl_list.o)
                0x10045f78                acl_list_insert_tail
 i.acl_list_remove
                0x10045fa4       0x44 ./assembly\libbluenrg1_stack.a(acl_list.o)
                0x10045fa4                acl_list_remove
 i.advance_wakeup_timer
                0x10045fe8      0x68c ./assembly\libbluenrg1_stack.a(advance_wakeup_time.o)
                0x10045fe8                advance_wakeup_timer
 i.LL_Sleep_Req
                0x10046674       0x58 ./assembly\libbluenrg1_stack.a(bluenrg_main_func_speed.o)
                0x10046674                LL_Sleep_Req
 i.GAP_Connection_Complete_Handler
                0x100466cc       0x68 ./assembly\libbluenrg1_stack.a(gap.o)
                0x100466cc                GAP_Connection_Complete_Handler
 i.GAP_LL_Event_Handler_ISR
                0x10046734       0x68 ./assembly\libbluenrg1_stack.a(gap.o)
                0x10046734                GAP_LL_Event_Handler_ISR
 i._GAP_Parse_Advertising_Report
                0x1004679c       0x64 ./assembly\libbluenrg1_stack.a(gap.o)
 i.aci_gap_proc_complete_event_push
                0x10046800       0x74 ./assembly\libbluenrg1_stack.a(gap.o)
 i.Find_Gatt_Client
                0x10046874       0x3c ./assembly\libbluenrg1_stack.a(gatt_client.o)
                0x10046874                Find_Gatt_Client
 i.GATT_Connection_Complete_Handler
                0x100468b0       0x44 ./assembly\libbluenrg1_stack.a(gatt_server.o)
                0x100468b0                GATT_Connection_Complete_Handler
 i.GATT_Send_Packet
                0x100468f4       0x2c ./assembly\libbluenrg1_stack.a(gatt_server.o)
                0x100468f4                GATT_Send_Packet
 i.GATT_Server_Set_Flag
                0x10046920       0x18 ./assembly\libbluenrg1_stack.a(gatt_server.o)
 i.Gatt_Find_Timed_Out_Connection_Index
                0x10046938       0x38 ./assembly\libbluenrg1_stack.a(gatt_server.o)
                0x10046938                Gatt_Find_Timed_Out_Connection_Index
 i.Gatt_Server_L2C_Handler
                0x10046970      0x21c ./assembly\libbluenrg1_stack.a(gatt_server.o)
                0x10046970                Gatt_Server_L2C_Handler
 i.Gatt_Server_L2C_Handler_ISR
                0x10046b8c       0x4c ./assembly\libbluenrg1_stack.a(gatt_server.o)
                0x10046b8c                Gatt_Server_L2C_Handler_ISR
 i.Select_Next_Notification_Client
                0x10046bd8       0x50 ./assembly\libbluenrg1_stack.a(gatt_server.o)
                0x10046bd8                Select_Next_Notification_Client
 i.Send_Notif_Or_Ind
                0x10046c28       0x4c ./assembly\libbluenrg1_stack.a(gatt_server.o)
                0x10046c28                Send_Notif_Or_Ind
 i.aci_hal_fw_error_event_push
                0x10046c74       0x5c ./assembly\libbluenrg1_stack.a(gatt_server.o)
 i.Hal_Get_Random_Number
                0x10046cd0       0x3a ./assembly\libbluenrg1_stack.a(hal.o)
                0x10046cd0                Hal_Get_Random_Number
 i.Hal_Get_Random_Number32
                0x10046d0a       0x12 ./assembly\libbluenrg1_stack.a(hal.o)
                0x10046d0a                Hal_Get_Random_Number32
 i.char_copy    0x10046d1c       0x12 ./assembly\libbluenrg1_stack.a(hal.o)
                0x10046d1c                char_copy
 i.set_string   0x10046d2e       0x10 ./assembly\libbluenrg1_stack.a(hal.o)
                0x10046d2e                set_string
 i.data_length_extension_csr_ucfg
                0x10046d3e        0x4 ./assembly\libbluenrg1_stack.a(hci.o)
                0x10046d3e                data_length_extension_csr_ucfg
 *fill*         0x10046d42        0x2 
 i.hci_rx_acl_data
                0x10046d44       0x6c ./assembly\libbluenrg1_stack.a(hci.o)
                0x10046d44                hci_rx_acl_data
 i.hci_tx_acl_data_done
                0x10046db0       0x44 ./assembly\libbluenrg1_stack.a(hci.o)
                0x10046db0                hci_tx_acl_data_done
 i.HAL_VTimerAcc_sysT32_ms
                0x10046df4       0x24 ./assembly\libbluenrg1_stack.a(host_timer.o)
                0x10046df4                HAL_VTimerAcc_sysT32_ms
 i.Timer_ExpiryCallback
                0x10046e18       0x14 ./assembly\libbluenrg1_stack.a(host_timer.o)
                0x10046e18                Timer_ExpiryCallback
 i.Timer_StartOneShot
                0x10046e2c       0x22 ./assembly\libbluenrg1_stack.a(host_timer.o)
                0x10046e2c                Timer_StartOneShot
 *fill*         0x10046e4e        0x2 
 i.Timer_StartOneShot_sysTime32
                0x10046e50       0x74 ./assembly\libbluenrg1_stack.a(host_timer.o)
                0x10046e50                Timer_StartOneShot_sysTime32
 i.Timer_StopOneShot
                0x10046ec4       0x58 ./assembly\libbluenrg1_stack.a(host_timer.o)
                0x10046ec4                Timer_StopOneShot
 i.Timer_sysTime32_convMachineTime
                0x10046f1c       0x24 ./assembly\libbluenrg1_stack.a(host_timer.o)
                0x10046f1c                Timer_sysTime32_convMachineTime
 i.isr_postproc
                0x10046f40      0x1f4 ./assembly\libbluenrg1_stack.a(isr_postproc.o)
                0x10046f40                isr_postproc
 i.LL_receive_data
                0x10047134       0x94 ./assembly\libbluenrg1_stack.a(isr_routines.o)
                0x10047134                LL_receive_data
 i.cancel_slave
                0x100471c8       0xc4 ./assembly\libbluenrg1_stack.a(isr_routines.o)
                0x100471c8                cancel_slave
 i.L2C_Build_Command_Reject_Pdu
                0x1004728c       0x7c ./assembly\libbluenrg1_stack.a(l2cap.o)
                0x1004728c                L2C_Build_Command_Reject_Pdu
 i.L2C_Connection_Complete_Handler
                0x10047308       0x4a ./assembly\libbluenrg1_stack.a(l2cap.o)
                0x10047308                L2C_Connection_Complete_Handler
 i.L2C_Connection_Complete_Signal_Handler
                0x10047352       0x2a ./assembly\libbluenrg1_stack.a(l2cap.o)
                0x10047352                L2C_Connection_Complete_Signal_Handler
 i.L2C_Get_Connection_Info
                0x1004737c       0x34 ./assembly\libbluenrg1_stack.a(l2cap.o)
 i.L2C_Get_Connection_Info_Index
                0x100473b0       0x30 ./assembly\libbluenrg1_stack.a(l2cap.o)
 i.L2C_Get_PDU_Len
                0x100473e0        0xe ./assembly\libbluenrg1_stack.a(l2cap.o)
                0x100473e0                L2C_Get_PDU_Len
 i.L2C_Mux_Acl_Packet
                0x100473ee       0x58 ./assembly\libbluenrg1_stack.a(l2cap.o)
 i.L2C_Rcv_Data
                0x10047446       0xcc ./assembly\libbluenrg1_stack.a(l2cap.o)
 i.L2C_Rcv_Event_Handler
                0x10047512       0x1e ./assembly\libbluenrg1_stack.a(l2cap.o)
                0x10047512                L2C_Rcv_Event_Handler
 i.L2C_Rcv_Event_Handler_ISR
                0x10047530       0x54 ./assembly\libbluenrg1_stack.a(l2cap.o)
                0x10047530                L2C_Rcv_Event_Handler_ISR
 i.L2C_Reset_To_Closed_State
                0x10047584       0x7c ./assembly\libbluenrg1_stack.a(l2cap.o)
 i.L2C_Send_Data
                0x10047600       0x4c ./assembly\libbluenrg1_stack.a(l2cap.o)
                0x10047600                L2C_Send_Data
 i.L2C_Signal_Channel_Handler
                0x1004764c      0x1b0 ./assembly\libbluenrg1_stack.a(l2cap.o)
                0x1004764c                L2C_Signal_Channel_Handler
 i.L2C_Signal_Channel_Handler_ISR
                0x100477fc       0x24 ./assembly\libbluenrg1_stack.a(l2cap.o)
                0x100477fc                L2C_Signal_Channel_Handler_ISR
 i.L2C_discard_accumulated_acl_data
                0x10047820       0x5c ./assembly\libbluenrg1_stack.a(l2cap.o)
 i.aci_l2cap_connection_update_req_event_push
                0x1004787c       0x98 ./assembly\libbluenrg1_stack.a(l2cap.o)
 i.Start_Gatt_Timer
                0x10047914       0x24 ./assembly\libbluenrg1_stack.a(rom_gatt_server.o)
                0x10047914                Start_Gatt_Timer
 i.Stop_Gatt_Timer
                0x10047938       0x1c ./assembly\libbluenrg1_stack.a(rom_gatt_server.o)
                0x10047938                Stop_Gatt_Timer
 i.List_Circular_Insert_Tail
                0x10047954        0xe ./assembly\libbluenrg1_stack.a(rom_list.o)
                0x10047954                List_Circular_Insert_Tail
 i.List_Circular_Node_Present
                0x10047962       0x16 ./assembly\libbluenrg1_stack.a(rom_list.o)
                0x10047962                List_Circular_Node_Present
 i.List_Circular_Remove_Head
                0x10047978       0x1a ./assembly\libbluenrg1_stack.a(rom_list.o)
                0x10047978                List_Circular_Remove_Head
 i.List_Circular_Remove_Node
                0x10047992       0x20 ./assembly\libbluenrg1_stack.a(rom_list.o)
                0x10047992                List_Circular_Remove_Node
 i.Erase_Sector
                0x100479b2        0xe ./assembly\libbluenrg1_stack.a(sdb.o)
 i.SDB_Add_Record
                0x100479c0      0x184 ./assembly\libbluenrg1_stack.a(sdb.o)
                0x100479c0                SDB_Add_Record
 i.Write_Client_Data
                0x10047b44      0x1b0 ./assembly\libbluenrg1_stack.a(sdb.o)
 i.int32ToLe4Byte
                0x10047cf4       0x10 ./assembly\libbluenrg1_stack.a(sdb.o)
 i.sdb_delete   0x10047d04      0x164 ./assembly\libbluenrg1_stack.a(sdb.o)
 i.sdb_find_client_data
                0x10047e68       0xc8 ./assembly\libbluenrg1_stack.a(sdb.o)
 i.sdb_get_gatt_db_start_address
                0x10047f30       0x18 ./assembly\libbluenrg1_stack.a(sdb.o)
 i.sdb_invalidate_record
                0x10047f48       0x20 ./assembly\libbluenrg1_stack.a(sdb.o)
 i.sdb_read_record
                0x10047f68       0x24 ./assembly\libbluenrg1_stack.a(sdb.o)
 i.sdb_read_record_validity
                0x10047f8c       0x10 ./assembly\libbluenrg1_stack.a(sdb.o)
 i.sdb_write_record
                0x10047f9c       0x7c ./assembly\libbluenrg1_stack.a(sdb.o)
 i.smp_MI_Start_Encryption_ucfg
                0x10048018        0x4 ./assembly\libbluenrg1_stack.a(securitymgr.o)
                0x10048018                smp_MI_Start_Encryption_ucfg
 i.ATT_fill_error_resp
                0x1004801c       0x26 ./assembly\libbluenrg1_stack.a(att.o)
                0x1004801c                ATT_fill_error_resp
 *(.rodata)
 *fill*         0x10048042        0x2 
 .rodata        0x10048044       0x19 obj/system_bluenrg1.o
 *fill*         0x1004805d        0x3 
 .rodata        0x10048060       0x64 obj/maincpp.o
 *(.rodata*)
 *(.constdata)
 .constdata     0x100480c4       0x1a ./assembly\libbluenrg1_stack.a(ll_isr.o)
 *fill*         0x100480de        0x2 
 .constdata     0x100480e0       0x10 ./assembly\libbluenrg1_stack.a(rom_ll_timehandling.o)
 .constdata     0x100480f0      0x11c ./assembly\libbluenrg1_stack.a(aci_events.o)
                0x100480f0                evnt_callback_pfunc
                0x100481d8                int_evnt_callback_pfunc
 *(.glue_7)
 .glue_7        0x1004820c        0x0 linker stubs
 *(.glue_7t)
 .glue_7t       0x1004820c        0x0 linker stubs
                0x1004820c                . = ALIGN (0x4)
                0x1004820c                _etext = .
                0x10048258                _sidata = LOADADDR (.data)
                0x1004822c                _sidata2 = LOADADDR (.ram_preamble)

.vfp11_veneer   0x1004820c        0x0
 .vfp11_veneer  0x1004820c        0x0 linker stubs

.v4_bx          0x1004820c        0x0
 .v4_bx         0x1004820c        0x0 linker stubs

.iplt           0x1004820c        0x0
 .iplt          0x1004820c        0x0 obj/BlueNRG1_it.o

.rel.dyn        0x1004820c        0x0
 .rel.iplt      0x1004820c        0x0 obj/BlueNRG1_it.o

.ARM.exidx.text._Z8initGPIOv
                0x1004820c        0x8
 .ARM.exidx.text._Z8initGPIOv
                0x1004820c        0x8 obj/maincpp.o

.ARM.exidx.text._Z8initUARTm
                0x10048214        0x8
 .ARM.exidx.text._Z8initUARTm
                0x10048214        0x8 obj/maincpp.o

.ARM.exidx.text.maincpp
                0x1004821c       0x10
 .ARM.exidx.text.maincpp
                0x1004821c       0x10 obj/maincpp.o
                                  0x8 (size before relaxing)

.ram_preamble_noinit
                0x20000000        0x8
                0x20000000                . = ALIGN (0x4)
                0x00000004                . = 0x4
 *fill*         0x20000000        0x4 
 *(.ota_sw_activation)
 .ota_sw_activation
                0x20000004        0x4 obj/system_bluenrg1.o
                0x20000004                ota_sw_activation

.ram_preamble   0x20000008       0x2c load address 0x1004822c
                0x20000008                _sdata2 = .
 *(.savedMSP)
 .savedMSP      0x20000008        0x4 obj/system_bluenrg1.o
                0x20000008                savedMSP
                0x00000004                . = 0x4
 *(.wakeupFromSleepFlag)
 .wakeupFromSleepFlag
                0x2000000c        0x1 obj/system_bluenrg1.o
                0x2000000c                wakeupFromSleepFlag
                0x00000008                . = 0x8
 *fill*         0x2000000d        0x3 
 *(.app_base)
 .app_base      0x20000010        0x4 obj/system_bluenrg1.o
                0x20000010                app_base
                0x0000000c                . = 0xc
 *(.flash_sw_lock)
 .flash_sw_lock
                0x20000014        0x4 obj/system_bluenrg1.o
                0x20000014                flash_sw_lock
                0x00000010                . = 0x10
 *(.rfTimeout)
 .rfTimeout     0x20000018        0x4 obj/system_bluenrg1.o
                0x20000018                rfTimeout
                0x00000014                . = 0x14
 *(.BOR_config)
 .BOR_config    0x2000001c        0x7 obj/system_bluenrg1.o
                0x2000001c                BOR_config
                0x00000028                . = 0x28
 *fill*         0x20000023        0xd 
 *(.__blueflag_RAM)
 .__blueflag_RAM
                0x20000030        0x4 obj/system_bluenrg1.o
                0x20000030                __blueflag_RAM
                0x20000034                _edata2 = .

.ram_preamble_noinit2
                0x20000034       0x28
 *(.__crash_RAM)
 .__crash_RAM   0x20000034       0x28 obj/miscutil.o
                0x20000034                crash_info_ram

.bss.blueRAM    0x200000c0      0x20c
                0x200000c0                . = ALIGN (0x4)
                0x200000c0                _sbssblue = .
 *(.bss.__blue_RAM)
 .bss.__blue_RAM
                0x200000c0      0x20c obj/system_bluenrg1.o
                0x200000c0                __blue_RAM
                0x200002cc                . = ALIGN (0x4)
                0x200002cc                _ebssblue = .
                0x0000020c                . = ((0x20c + MEMORY_RAM_APP_OFFSET) - 0x2cc)

.bss            0x200002cc       0x64
                0x200002cc                . = ALIGN (0x4)
                0x200002cc                _sbss = .
 *(.bss)
 .bss           0x200002cc       0x34 ./assembly\libbluenrg1_stack.a(mem_alloc.o)
                0x200002cc                _BlueNRG_Stack_Init_params
 *(.bss*)
 .bss.sys_tick_count
                0x20000300        0x4 obj/clock.o
 .bss.hot_table_radio_config
                0x20000304       0x20 obj/system_bluenrg1.o
                0x20000304                hot_table_radio_config
 .bss.savedICSR
                0x20000324        0x4 obj/system_bluenrg1.o
                0x20000324                savedICSR
 .bss.savedNVIC_ISPR
                0x20000328        0x4 obj/system_bluenrg1.o
                0x20000328                savedNVIC_ISPR
 .bss.savedSHCSR
                0x2000032c        0x4 obj/system_bluenrg1.o
                0x2000032c                savedSHCSR
 *(COMMON)
                0x20000330                . = ALIGN (0x4)
                0x20000330                _ebss = .

.data           0x20000330       0x50 load address 0x10048258
                0x20000330                . = ALIGN (0x4)
                0x20000330                _sdata = .
 *(.data)
 .data          0x20000330       0x48 ./assembly\libbluenrg1_stack.a(ll_isr.o)
                0x20000330                g_var_close_connect_event_now
                0x20000331                g_var_close_connect_now
                0x20000332                g_var_linkslaveno
                0x20000333                g_var_state2
                0x20000334                g_var_index
                0x20000335                g_var_sending_scan_response
                0x20000336                g_var_scan_response_sent
                0x20000338                g_var_int_value
                0x2000033c                g_var_LinkPerp
                0x20000340                g_var_bluedata1
                0x20000344                g_var_txdata
                0x20000348                g_var_sent_event
                0x2000034c                g_var_RcvData
 .data          0x20000378        0x4 ./assembly\libbluenrg1_stack.a(mem_alloc.o)
                0x20000378                mem_alloc_ctx_p
 .data          0x2000037c        0x4 ./assembly\libbluenrg1_stack.a(smp_common.o)
                0x2000037c                csmem_sm_ctx_p
 *(.data*)
                0x20000380                . = ALIGN (0x4)
                0x20000380                _edata = .

.igot.plt       0x20000380        0x0 load address 0x100482a8
 .igot.plt      0x20000380        0x0 obj/BlueNRG1_it.o

.noinit         0x20000380        0x0 load address 0x100482a8
                0x20000380                . = ALIGN (0x4)
 *(.noinit)
                0x20000380                . = ALIGN (0x4)

BLOCK_STACKLIB_FLASH_DATA
                0x10067000        0x0
                0x10067000                . = ALIGN (0x800)
 *(.noinit.stacklib_flash_data)
 *(.noinit.stacklib_stored_device_id_data)

CSTACK          0x20005400        0x0
                0x20005400                . = ALIGN (0x4)
                0x20006000                _estack = (. + _Min_Stack_Size)
                0x20005400                . = ALIGN (0x4)

.rom_info       0x10000000        0x0
                0x10000000                . = ALIGN (0x4)
 *(.rom_info)
                0x10000000                . = ALIGN (0x4)

/DISCARD/
 libc.a(*)
 libm.a(*)
 libgcc.a(*)

.ARM.attributes
                0x00000000       0x2c
 *(.ARM.attributes)
 .ARM.attributes
                0x00000000       0x2c obj/BlueNRG1_it.o
 .ARM.attributes
                0x0000002c       0x2c obj/main.o
 .ARM.attributes
                0x00000058       0x2c obj/BlueNRG1_flash.o
 .ARM.attributes
                0x00000084       0x2c obj/BlueNRG1_gpio.o
 .ARM.attributes
                0x000000b0       0x2c obj/BlueNRG1_sysCtrl.o
 .ARM.attributes
                0x000000dc       0x2c obj/BlueNRG1_uart.o
 .ARM.attributes
                0x00000108       0x2c obj/clock.o
 .ARM.attributes
                0x00000134       0x2c obj/miscutil.o
 .ARM.attributes
                0x00000160       0x2c obj/osal.o
 .ARM.attributes
                0x0000018c       0x2c obj/SDK_EVAL_Com.o
 .ARM.attributes
                0x000001b8       0x2c obj/system_bluenrg1.o
 .ARM.attributes
                0x000001e4       0x2c obj/maincpp.o
 .ARM.attributes
                0x00000210       0x21 precompiled/context_switch.o
 .ARM.attributes
                0x00000231       0x2c c:/program files (x86)/gnu arm embedded toolchain/10 2020-q4-major/bin/../lib/gcc/arm-none-eabi/10.2.1/../../../../arm-none-eabi/lib/thumb/v6-m/nofp\libc_nano.a(lib_a-memcmp.o)
 .ARM.attributes
                0x0000025d       0x2c c:/program files (x86)/gnu arm embedded toolchain/10 2020-q4-major/bin/../lib/gcc/arm-none-eabi/10.2.1/../../../../arm-none-eabi/lib/thumb/v6-m/nofp\libc_nano.a(lib_a-memcpy-stub.o)
 .ARM.attributes
                0x00000289       0x2c c:/program files (x86)/gnu arm embedded toolchain/10 2020-q4-major/bin/../lib/gcc/arm-none-eabi/10.2.1/../../../../arm-none-eabi/lib/thumb/v6-m/nofp\libc_nano.a(lib_a-memset.o)
 .ARM.attributes
                0x000002b5       0x1c c:/program files (x86)/gnu arm embedded toolchain/10 2020-q4-major/bin/../lib/gcc/arm-none-eabi/10.2.1/../../../../arm-none-eabi/lib/thumb/v6-m/nofp\libc_nano.a(lib_a-strlen.o)
 .ARM.attributes
                0x000002d1       0x70 ./assembly\libbluenrg1_stack.a(ll_isr.o)
 .ARM.attributes
                0x00000341       0x83 ./assembly\libbluenrg1_stack.a(ll_privacy.o)
 .ARM.attributes
                0x000003c4       0x73 ./assembly\libbluenrg1_stack.a(ll_routines.o)
 .ARM.attributes
                0x00000437       0x71 ./assembly\libbluenrg1_stack.a(ll_routines_master.o)
 .ARM.attributes
                0x000004a8       0x64 ./assembly\libbluenrg1_stack.a(mem_alloc.o)
 .ARM.attributes
                0x0000050c       0x6c ./assembly\libbluenrg1_stack.a(mem_buff.o)
 .ARM.attributes
                0x00000578       0x77 ./assembly\libbluenrg1_stack.a(multi_master_time.o)
 .ARM.attributes
                0x000005ef       0x60 ./assembly\libbluenrg1_stack.a(nvm.o)
 .ARM.attributes
                0x0000064f       0x6e ./assembly\libbluenrg1_stack.a(pm.o)
 .ARM.attributes
                0x000006bd       0x61 ./assembly\libbluenrg1_stack.a(rom_ll_isr_postproc.o)
 .ARM.attributes
                0x0000071e       0x6a ./assembly\libbluenrg1_stack.a(rom_ll_isr_routines.o)
 .ARM.attributes
                0x00000788       0x7c ./assembly\libbluenrg1_stack.a(rom_ll_ll_routines.o)
 .ARM.attributes
                0x00000804       0x6c ./assembly\libbluenrg1_stack.a(rom_ll_routines_support.o)
 .ARM.attributes
                0x00000870       0x68 ./assembly\libbluenrg1_stack.a(rom_ll_timehandling.o)
 .ARM.attributes
                0x000008d8       0x69 ./assembly\libbluenrg1_stack.a(routines_support.o)
 .ARM.attributes
                0x00000941       0x8f ./assembly\libbluenrg1_stack.a(smp_common.o)
 .ARM.attributes
                0x000009d0       0x75 ./assembly\libbluenrg1_stack.a(smp_scv42_caf.o)
 .ARM.attributes
                0x00000a45       0x64 ./assembly\libbluenrg1_stack.a(smp_scv42_sap.o)
 .ARM.attributes
                0x00000aa9       0x61 ./assembly\libbluenrg1_stack.a(utils.o)
 .ARM.attributes
                0x00000b0a       0xef ./assembly\libbluenrg1_stack.a(aci_events.o)
 .ARM.attributes
                0x00000bf9       0x68 ./assembly\libbluenrg1_stack.a(acl.o)
 .ARM.attributes
                0x00000c61       0x69 ./assembly\libbluenrg1_stack.a(acl_list.o)
 .ARM.attributes
                0x00000cca       0x5f ./assembly\libbluenrg1_stack.a(advance_wakeup_time.o)
 .ARM.attributes
                0x00000d29       0x60 ./assembly\libbluenrg1_stack.a(bluenrg_main_func_speed.o)
 .ARM.attributes
                0x00000d89       0x86 ./assembly\libbluenrg1_stack.a(gap.o)
 .ARM.attributes
                0x00000e0f       0xa4 ./assembly\libbluenrg1_stack.a(gatt_client.o)
 .ARM.attributes
                0x00000eb3       0x8e ./assembly\libbluenrg1_stack.a(gatt_server.o)
 .ARM.attributes
                0x00000f41       0x6e ./assembly\libbluenrg1_stack.a(hal.o)
 .ARM.attributes
                0x00000faf       0x9b ./assembly\libbluenrg1_stack.a(hci.o)
 .ARM.attributes
                0x0000104a       0x71 ./assembly\libbluenrg1_stack.a(host_timer.o)
 .ARM.attributes
                0x000010bb       0x5f ./assembly\libbluenrg1_stack.a(isr_postproc.o)
 .ARM.attributes
                0x0000111a       0x61 ./assembly\libbluenrg1_stack.a(isr_routines.o)
 .ARM.attributes
                0x0000117b       0x73 ./assembly\libbluenrg1_stack.a(l2cap.o)
 .ARM.attributes
                0x000011ee       0x66 ./assembly\libbluenrg1_stack.a(rom_gatt_server.o)
 .ARM.attributes
                0x00001254       0x65 ./assembly\libbluenrg1_stack.a(rom_list.o)
 .ARM.attributes
                0x000012b9       0x74 ./assembly\libbluenrg1_stack.a(sdb.o)
 .ARM.attributes
                0x0000132d       0x9a ./assembly\libbluenrg1_stack.a(securitymgr.o)
 .ARM.attributes
                0x000013c7       0x76 ./assembly\libbluenrg1_stack.a(att.o)

.ARM.exidx      0x1004820c        0x0
                0x1004820c                __exidx_start = .
                0x1004820c                __exidx_end = .
                0x1004820c                abort = .
OUTPUT(bin/BlueNRG.elf elf32-littlearm)
LOAD linker stubs
LOAD c:/program files (x86)/gnu arm embedded toolchain/10 2020-q4-major/bin/../lib/gcc/arm-none-eabi/10.2.1/../../../../arm-none-eabi/lib/thumb/v6-m/nofp\libc.a
LOAD c:/program files (x86)/gnu arm embedded toolchain/10 2020-q4-major/bin/../lib/gcc/arm-none-eabi/10.2.1/../../../../arm-none-eabi/lib/thumb/v6-m/nofp\libm.a
LOAD c:/program files (x86)/gnu arm embedded toolchain/10 2020-q4-major/bin/../lib/gcc/arm-none-eabi/10.2.1/thumb/v6-m/nofp\libgcc.a

.debug_info     0x00000000     0x75e3
 .debug_info    0x00000000      0x11f obj/BlueNRG1_it.o
 .debug_info    0x0000011f       0xce obj/main.o
 .debug_info    0x000001ed      0x656 obj/BlueNRG1_flash.o
 .debug_info    0x00000843      0x76b obj/BlueNRG1_gpio.o
 .debug_info    0x00000fae      0x88a obj/BlueNRG1_sysCtrl.o
 .debug_info    0x00001838     0x133a obj/BlueNRG1_uart.o
 .debug_info    0x00002b72      0x485 obj/clock.o
 .debug_info    0x00002ff7      0xad1 obj/miscutil.o
 .debug_info    0x00003ac8      0x1ff obj/osal.o
 .debug_info    0x00003cc7     0x1840 obj/SDK_EVAL_Com.o
 .debug_info    0x00005507     0x1c19 obj/system_bluenrg1.o
 .debug_info    0x00007120      0x403 obj/maincpp.o
 .debug_info    0x00007523       0xc0 precompiled/context_switch.o

.debug_abbrev   0x00000000     0x1786
 .debug_abbrev  0x00000000       0x91 obj/BlueNRG1_it.o
 .debug_abbrev  0x00000091       0x77 obj/main.o
 .debug_abbrev  0x00000108      0x221 obj/BlueNRG1_flash.o
 .debug_abbrev  0x00000329      0x1e2 obj/BlueNRG1_gpio.o
 .debug_abbrev  0x0000050b      0x1d0 obj/BlueNRG1_sysCtrl.o
 .debug_abbrev  0x000006db      0x257 obj/BlueNRG1_uart.o
 .debug_abbrev  0x00000932      0x214 obj/clock.o
 .debug_abbrev  0x00000b46      0x26c obj/miscutil.o
 .debug_abbrev  0x00000db2       0xc0 obj/osal.o
 .debug_abbrev  0x00000e72      0x386 obj/SDK_EVAL_Com.o
 .debug_abbrev  0x000011f8      0x40c obj/system_bluenrg1.o
 .debug_abbrev  0x00001604      0x16e obj/maincpp.o
 .debug_abbrev  0x00001772       0x14 precompiled/context_switch.o

.debug_aranges  0x00000000      0x5a0
 .debug_aranges
                0x00000000       0x50 obj/BlueNRG1_it.o
 .debug_aranges
                0x00000050       0x20 obj/main.o
 .debug_aranges
                0x00000070       0x88 obj/BlueNRG1_flash.o
 .debug_aranges
                0x000000f8       0xa0 obj/BlueNRG1_gpio.o
 .debug_aranges
                0x00000198       0x40 obj/BlueNRG1_sysCtrl.o
 .debug_aranges
                0x000001d8       0xf0 obj/BlueNRG1_uart.o
 .debug_aranges
                0x000002c8       0x38 obj/clock.o
 .debug_aranges
                0x00000300       0x38 obj/miscutil.o
 .debug_aranges
                0x00000338       0x30 obj/osal.o
 .debug_aranges
                0x00000368       0xe8 obj/SDK_EVAL_Com.o
 .debug_aranges
                0x00000450      0x100 obj/system_bluenrg1.o
 .debug_aranges
                0x00000550       0x30 obj/maincpp.o
 .debug_aranges
                0x00000580       0x20 precompiled/context_switch.o

.debug_ranges   0x00000000      0x4f0
 .debug_ranges  0x00000000       0x40 obj/BlueNRG1_it.o
 .debug_ranges  0x00000040       0x10 obj/main.o
 .debug_ranges  0x00000050       0x78 obj/BlueNRG1_flash.o
 .debug_ranges  0x000000c8       0xa8 obj/BlueNRG1_gpio.o
 .debug_ranges  0x00000170       0x30 obj/BlueNRG1_sysCtrl.o
 .debug_ranges  0x000001a0       0xe0 obj/BlueNRG1_uart.o
 .debug_ranges  0x00000280       0x28 obj/clock.o
 .debug_ranges  0x000002a8       0x28 obj/miscutil.o
 .debug_ranges  0x000002d0       0x20 obj/osal.o
 .debug_ranges  0x000002f0       0xd8 obj/SDK_EVAL_Com.o
 .debug_ranges  0x000003c8      0x108 obj/system_bluenrg1.o
 .debug_ranges  0x000004d0       0x20 obj/maincpp.o

.debug_line     0x00000000     0x3b3e
 .debug_line    0x00000000      0x16c obj/BlueNRG1_it.o
 .debug_line    0x0000016c      0x103 obj/main.o
 .debug_line    0x0000026f      0x453 obj/BlueNRG1_flash.o
 .debug_line    0x000006c2      0x567 obj/BlueNRG1_gpio.o
 .debug_line    0x00000c29      0x3d5 obj/BlueNRG1_sysCtrl.o
 .debug_line    0x00000ffe      0x844 obj/BlueNRG1_uart.o
 .debug_line    0x00001842      0x2d9 obj/clock.o
 .debug_line    0x00001b1b      0x412 obj/miscutil.o
 .debug_line    0x00001f2d       0xf8 obj/osal.o
 .debug_line    0x00002025      0x92b obj/SDK_EVAL_Com.o
 .debug_line    0x00002950      0xdbc obj/system_bluenrg1.o
 .debug_line    0x0000370c      0x393 obj/maincpp.o
 .debug_line    0x00003a9f       0x9f precompiled/context_switch.o

.debug_str      0x00000000     0x237a
 .debug_str     0x00000000      0x1a2 obj/BlueNRG1_it.o
                                0x1d6 (size before relaxing)
 .debug_str     0x000001a2       0x2e obj/main.o
                                0x17d (size before relaxing)
 .debug_str     0x000001d0      0x250 obj/BlueNRG1_flash.o
                                0x3e9 (size before relaxing)
 .debug_str     0x00000420      0x26f obj/BlueNRG1_gpio.o
                                0x457 (size before relaxing)
 .debug_str     0x0000068f      0x2bd obj/BlueNRG1_sysCtrl.o
                                0x4b9 (size before relaxing)
 .debug_str     0x0000094c      0x6fe obj/BlueNRG1_uart.o
                                0x942 (size before relaxing)
 .debug_str     0x0000104a      0x1d7 obj/clock.o
                                0x393 (size before relaxing)
 .debug_str     0x00001221      0x145 obj/miscutil.o
                                0x4db (size before relaxing)
 .debug_str     0x00001366       0x3c obj/osal.o
                                0x1b5 (size before relaxing)
 .debug_str     0x000013a2      0x84e obj/SDK_EVAL_Com.o
                                0xd5e (size before relaxing)
 .debug_str     0x00001bf0      0x635 obj/system_bluenrg1.o
                                0xd28 (size before relaxing)
 .debug_str     0x00002225      0x155 obj/maincpp.o
                                0x3be (size before relaxing)

.comment        0x00000000     0xf79d
 .comment       0x00000000       0x4d obj/BlueNRG1_it.o
                                 0x4e (size before relaxing)
 .comment       0x0000004d       0x4e obj/main.o
 .comment       0x0000004d       0x4e obj/BlueNRG1_flash.o
 .comment       0x0000004d       0x4e obj/BlueNRG1_gpio.o